
============================================================
Starting report generation at 2025-12-22 17:27:47
Event: (46854) 1998 QY42
Report folder: C:\Users\AstroPC\Documents\SharpCap\occultation-manager\Reports
Checking template exists...
Template found: C:\Users\AstroPC\Git\occultation-tools\occultation-manager\python\NorthAmerica_AstReportForm_V5.6.12r.xlsx
Loading template workbook...
Workbook loaded successfully
Accessing DATA worksheet...
ERROR generating report: Worksheet 'DATA' not found
Exception type: KeyError
Full traceback:
Traceback (most recent call last):
  File "C:\Users\AstroPC\Git\occultation-tools\occultation-manager\python\na_report.py", line 168, in generate_report
    ws = wb['DATA']
  File "C:\Users\AstroPC\Git\occultation-tools\occultation-manager\python\simple_xlsx.py", line 111, in __getitem__
    return self.get_sheet_by_name(name)
  File "C:\Users\AstroPC\Git\occultation-tools\occultation-manager\python\simple_xlsx.py", line 107, in get_sheet_by_name
    raise KeyError(f"Worksheet '{name}' not found")
KeyError: Worksheet 'DATA' not found


============================================================
Starting report generation at 2025-12-22 20:53:19.715000
Event: (46854) 1998 QY42
Report folder: C:\Users\AstroPC\Documents\SharpCap\occultation-manager\Reports
Checking template exists...
Template found: C:\Users\AstroPC\Git\occultation-tools\occultation-manager\python\NorthAmerica_AstReportForm_V5.6.12r.xlsx
Loading template workbook...
Workbook loaded successfully
Accessing DATA worksheet...
ERROR generating report: Worksheet 'DATA' not found. Available sheets: ['Introduction', 'Directions', 'DATA', 'TABLES', 'LISTS', 'Corrections Tables', 'Corrections Calculations', 'Sheet1']
Exception type: KeyError
Full traceback:
Traceback (most recent call last):
  File "C:\Users\AstroPC\Git\occultation-tools\occultation-manager\python\na_report.py", line 168, in generate_report
    ws = wb['DATA']
  File "C:\Users\AstroPC\Git\occultation-tools\occultation-manager\python\simple_xlsx.py", line 121, in __getitem__
    return self.get_sheet_by_name(name)
  File "C:\Users\AstroPC\Git\occultation-tools\occultation-manager\python\simple_xlsx.py", line 117, in get_sheet_by_name
    raise KeyError(f"Worksheet '{name}' not found. Available sheets: {available_sheets}")
KeyError: Worksheet 'DATA' not found. Available sheets: ['Introduction', 'Directions', 'DATA', 'TABLES', 'LISTS', 'Corrections Tables', 'Corrections Calculations', 'Sheet1']


============================================================
Starting report generation at 2025-12-22 20:55:21.064000
Event: (46854) 1998 QY42
Report folder: C:\Users\AstroPC\Documents\SharpCap\occultation-manager\Reports
Checking template exists...
Template found: C:\Users\AstroPC\Git\occultation-tools\occultation-manager\python\NorthAmerica_AstReportForm_V5.6.12r.xlsx
Loading template workbook...
Workbook loaded successfully
Accessing DATA worksheet...
ERROR generating report: Worksheet 'DATA' not found. Available sheets: ['Introduction', 'Directions', 'DATA', 'TABLES', 'LISTS', 'Corrections Tables', 'Corrections Calculations', 'Sheet1']
Exception type: KeyError
Full traceback:
Traceback (most recent call last):
  File "C:\Users\AstroPC\Git\occultation-tools\occultation-manager\python\na_report.py", line 168, in generate_report
    ws = wb['DATA']
  File "C:\Users\AstroPC\Git\occultation-tools\occultation-manager\python\simple_xlsx.py", line 128, in __getitem__
    return self.get_sheet_by_name(name)
  File "C:\Users\AstroPC\Git\occultation-tools\occultation-manager\python\simple_xlsx.py", line 124, in get_sheet_by_name
    raise KeyError(f"Worksheet '{name}' not found. Available sheets: {available_sheets}")
KeyError: Worksheet 'DATA' not found. Available sheets: ['Introduction', 'Directions', 'DATA', 'TABLES', 'LISTS', 'Corrections Tables', 'Corrections Calculations', 'Sheet1']


============================================================
Starting report generation at 2025-12-22 20:57:12.059000
Event: (46854) 1998 QY42
Report folder: C:\Users\AstroPC\Documents\SharpCap\occultation-manager\Reports
Checking template exists...
Template found: C:\Users\AstroPC\Git\occultation-tools\occultation-manager\python\NorthAmerica_AstReportForm_V5.6.12r.xlsx
Loading template workbook...
Workbook loaded successfully
Accessing DATA worksheet...
Worksheet accessed successfully
Validating template...
Cell G1 value: Asteroid Occultation Report Form
Getting cell mapping...
Filling event data...
ERROR generating report: 'SimpleWorksheet' object does not support item assignment
Exception type: TypeError
Full traceback:
Traceback (most recent call last):
  File "C:\Users\AstroPC\Git\occultation-tools\occultation-manager\python\na_report.py", line 185, in generate_report
    self._fill_event_data(ws, cell_mapping, event)
  File "C:\Users\AstroPC\Git\occultation-tools\occultation-manager\python\na_report.py", line 225, in _fill_event_data
    ws[cell_mapping['AstNum']] = event.object_no
TypeError: 'SimpleWorksheet' object does not support item assignment


============================================================
Starting report generation at 2025-12-22 20:58:30.531000
Event: (46854) 1998 QY42
Report folder: C:\Users\AstroPC\Documents\SharpCap\occultation-manager\Reports
Checking template exists...
Template found: C:\Users\AstroPC\Git\occultation-tools\occultation-manager\python\NorthAmerica_AstReportForm_V5.6.12r.xlsx
Loading template workbook...
Workbook loaded successfully
Accessing DATA worksheet...
Worksheet accessed successfully
Validating template...
Cell G1 value: Asteroid Occultation Report Form
Getting cell mapping...
Filling event data...
Filling observer data...
Filling telescope data...
Filling recording times...
Filling metadata...
Generating filename...
Report will be saved to: C:\Users\AstroPC\Documents\SharpCap\occultation-manager\Reports\20251213_(46854)_1998_QY42_-_Camilleri_M_Home_Report.xlsx
Creating report folder: C:\Users\AstroPC\Documents\SharpCap\occultation-manager\Reports
Saving report...
ERROR generating report: tostring() got an unexpected keyword argument 'xml_declaration'
Exception type: TypeError
Full traceback:
Traceback (most recent call last):
  File "C:\Users\AstroPC\Git\occultation-tools\occultation-manager\python\na_report.py", line 208, in generate_report
    wb.save(report_path)
TypeError: tostring() got an unexpected keyword argument 'xml_declaration'


============================================================
Starting report generation at 2025-12-22 21:01:27.080000
Event: (46854) 1998 QY42
Report folder: C:\Users\AstroPC\Documents\SharpCap\occultation-manager\Reports
Checking template exists...
Template found: C:\Users\AstroPC\Git\occultation-tools\occultation-manager\python\NorthAmerica_AstReportForm_V5.6.12r.xlsx
Loading template workbook...
Workbook loaded successfully
Accessing DATA worksheet...
Worksheet accessed successfully
Validating template...
Cell G1 value: Asteroid Occultation Report Form
Getting cell mapping...
Filling event data...
Filling observer data...
Filling telescope data...
Filling recording times...
Filling metadata...
Generating filename...
Report will be saved to: C:\Users\AstroPC\Documents\SharpCap\occultation-manager\Reports\20251213_(46854)_1998_QY42_-_Camilleri_M_Home_Report.xlsx
Saving report...
ERROR generating report: can only concatenate str (not "bytes") to str
Exception type: TypeError
Full traceback:
Traceback (most recent call last):
  File "C:\Users\AstroPC\Git\occultation-tools\occultation-manager\python\na_report.py", line 208, in generate_report
    wb.save(report_path)
TypeError: can only concatenate str (not "bytes") to str


============================================================
Starting report generation at 2025-12-22 21:02:41.457000
Event: (46854) 1998 QY42
Report folder: C:\Users\AstroPC\Documents\SharpCap\occultation-manager\Reports
Checking template exists...
Template found: C:\Users\AstroPC\Git\occultation-tools\occultation-manager\python\NorthAmerica_AstReportForm_V5.6.12r.xlsx
Loading template workbook...
Workbook loaded successfully
Accessing DATA worksheet...
Worksheet accessed successfully
Validating template...
Cell G1 value: Asteroid Occultation Report Form
Getting cell mapping...
Filling event data...
Filling observer data...
Filling telescope data...
Filling recording times...
Filling metadata...
Generating filename...
Report will be saved to: C:\Users\AstroPC\Documents\SharpCap\occultation-manager\Reports\20251213_(46854)_1998_QY42_-_Camilleri_M_Home_Report.xlsx
Saving report...
SUCCESS: Report generated: C:\Users\AstroPC\Documents\SharpCap\occultation-manager\Reports\20251213_(46854)_1998_QY42_-_Camilleri_M_Home_Report.xlsx

============================================================
Starting report generation at 2025-12-22 21:09:34.983000
Event: (46854) 1998 QY42
Report folder: C:\Users\AstroPC\Documents\SharpCap\occultation-manager\Reports
Checking template exists...
Template found: C:\Users\AstroPC\Git\occultation-tools\occultation-manager\python\NorthAmerica_AstReportForm_V5.6.12r.xlsx
Loading template workbook...
Workbook loaded successfully
Accessing DATA worksheet...
Worksheet accessed successfully
Validating template...
Cell G1 value: Asteroid Occultation Report Form
Getting cell mapping...
Filling event data...
Filling observer data...
Filling telescope data...
Filling recording times...
Filling metadata...
Generating filename...
ERROR generating report: 'ConfigManager' object has no attribute 'get_station_name'
Exception type: AttributeError
Full traceback:
Traceback (most recent call last):
  File "C:\Users\AstroPC\Git\occultation-tools\occultation-manager\python\na_report.py", line 197, in generate_report
    filename = self._generate_filename(event)
  File "C:\Users\AstroPC\Git\occultation-tools\occultation-manager\python\na_report.py", line 371, in _generate_filename
    station = self.config.get_station_name()
AttributeError: 'ConfigManager' object has no attribute 'get_station_name'


============================================================
Starting report generation at 2025-12-22 21:11:46.551000
Event: (46854) 1998 QY42
Report folder: C:\Users\AstroPC\Documents\SharpCap\occultation-manager\Reports
Checking template exists...
Template found: C:\Users\AstroPC\Git\occultation-tools\occultation-manager\python\NorthAmerica_AstReportForm_V5.6.12r.xlsx
Loading template workbook...
Workbook loaded successfully
Accessing DATA worksheet...
Worksheet accessed successfully
Validating template...
Cell G1 value: Asteroid Occultation Report Form
Getting cell mapping...
Filling event data...
Filling observer data...
Filling telescope data...
Filling recording times...
Filling metadata...
Generating filename...
Report will be saved to: C:\Users\AstroPC\Documents\SharpCap\occultation-manager\Reports\20251213_(46854)_(46854)_1998_QY42_UCAC4_485_038369_-_Camilleri_Camilleri_M_Home_Report.xlsx
Saving report...
SUCCESS: Report generated: C:\Users\AstroPC\Documents\SharpCap\occultation-manager\Reports\20251213_(46854)_(46854)_1998_QY42_UCAC4_485_038369_-_Camilleri_Camilleri_M_Home_Report.xlsx

============================================================
Starting report generation at 2025-12-22 21:16:43.670000
Event: (46854) 1998 QY42
Report folder: C:\Users\AstroPC\Documents\SharpCap\occultation-manager\Reports
Checking template exists...
Template found: C:\Users\AstroPC\Git\occultation-tools\occultation-manager\python\NorthAmerica_AstReportForm_V5.6.12r.xlsx
Loading template workbook...
Workbook loaded successfully
Accessing DATA worksheet...
Worksheet accessed successfully
Validating template...
Cell G1 value: Asteroid Occultation Report Form
Getting cell mapping...
Filling event data...
Filling observer data...
Filling telescope data...
Filling recording times...
Filling metadata...
Generating filename...
Report will be saved to: C:\Users\AstroPC\Documents\SharpCap\occultation-manager\Reports\20251213_46854_(46854)_1998_QY42_UCAC4_485_038369-Camilleri_Camilleri_M_Home.xlsx
Saving report...
SUCCESS: Report generated: C:\Users\AstroPC\Documents\SharpCap\occultation-manager\Reports\20251213_46854_(46854)_1998_QY42_UCAC4_485_038369-Camilleri_Camilleri_M_Home.xlsx

============================================================
Starting report generation at 2025-12-22 21:20:34.996000
Event: (46854) 1998 QY42
Report folder: C:\Users\AstroPC\Documents\SharpCap\occultation-manager\Reports
Checking template exists...
Template found: C:\Users\AstroPC\Git\occultation-tools\occultation-manager\python\NorthAmerica_AstReportForm_V5.6.12r.xlsx
Loading template workbook...
Workbook loaded successfully
Accessing DATA worksheet...
Worksheet accessed successfully
Validating template...
Cell G1 value: Asteroid Occultation Report Form
Getting cell mapping...
Filling event data...
Filling observer data...
Filling telescope data...
Filling recording times...
Filling metadata...
Generating filename...
Report will be saved to: C:\Users\AstroPC\Documents\SharpCap\occultation-manager\Reports\20251213_46854__UCAC4_485_038369-Camilleri_M_Home.xlsx
Saving report...
SUCCESS: Report generated: C:\Users\AstroPC\Documents\SharpCap\occultation-manager\Reports\20251213_46854__UCAC4_485_038369-Camilleri_M_Home.xlsx

============================================================
Starting report generation at 2025-12-22 21:30:55.781000
Event: (46854) 1998 QY42
Report folder: C:\Users\AstroPC\Documents\SharpCap\occultation-manager\Reports
Checking template exists...
Template found: C:\Users\AstroPC\Git\occultation-tools\occultation-manager\python\NorthAmerica_AstReportForm_V5.6.12r.xlsx
Loading template workbook...
Workbook loaded successfully
Accessing DATA worksheet...
Worksheet accessed successfully
Validating template...
Cell G1 value: Asteroid Occultation Report Form
Getting cell mapping...
Filling event data...
Filling observer data...
Filling telescope data...
Filling recording times...
Filling metadata...
Generating filename...
Report will be saved to: C:\Users\AstroPC\Documents\SharpCap\occultation-manager\Reports\20251213_46854_UCAC4_485_038369-Camilleri_M_Home.xlsx
Saving report...
SUCCESS: Report generated: C:\Users\AstroPC\Documents\SharpCap\occultation-manager\Reports\20251213_46854_UCAC4_485_038369-Camilleri_M_Home.xlsx
