============================================================
Trans-Tasman Report generation started
Telescope ID: a00860bb-adac-4c74-a06b-a5f46b2988f9
Camera ID: af055359-5a77-438b-b9e7-f2572b4ef764
Event: (46854) 1998 QY42
Report folder: C:\Users\AstroPC\Documents\SharpCap\occultation-manager\Reports
Checking template exists...
Template found: C:\Users\AstroPC\Git\occultation-tools\occultation-manager\python\RASNZ_AstReporttForm_V4.1.2.G.xlsx
Loading template workbook...
Workbook loaded successfully
Accessing DATA worksheet...
Worksheet accessed successfully
Validating template...
Getting cell mapping...
Filling event data...
Filling observer data...
Filling telescope data...
Filling recording times...
Filling metadata...
Generating filename...
Report will be saved to: C:\Users\AstroPC\Documents\SharpCap\occultation-manager\Reports\20251213_1998_QY42_Camilleri_NEG_TT.xlsx
Saving report...
SUCCESS: Report generated: C:\Users\AstroPC\Documents\SharpCap\occultation-manager\Reports\20251213_1998_QY42_Camilleri_NEG_TT.xlsx
============================================================
Trans-Tasman Report generation started
Telescope ID: a00860bb-adac-4c74-a06b-a5f46b2988f9
Camera ID: af055359-5a77-438b-b9e7-f2572b4ef764
Event: (46854) 1998 QY42
Report folder: C:\Users\AstroPC\Documents\SharpCap\occultation-manager\Reports
Checking template exists...
Template found: C:\Users\AstroPC\Git\occultation-tools\occultation-manager\python\RASNZ_AstReporttForm_V4.1.2.G.xlsx
Loading template workbook...
Workbook loaded successfully
Accessing DATA worksheet...
Worksheet accessed successfully
Validating template...
Getting cell mapping...
Filling event data...
Filling observer data...
Filling telescope data...
Filling recording times...
Filling metadata...
Generating filename...
Report will be saved to: C:\Users\AstroPC\Documents\SharpCap\occultation-manager\Reports\20251213_46854_1998_QY42_1U    UCAC4_485-038369-Camilleri.xlsx
Saving report...
SUCCESS: Report generated: C:\Users\AstroPC\Documents\SharpCap\occultation-manager\Reports\20251213_46854_1998_QY42_1U    UCAC4_485-038369-Camilleri.xlsx
============================================================
Trans-Tasman Report generation started
Telescope ID: a00860bb-adac-4c74-a06b-a5f46b2988f9
Camera ID: af055359-5a77-438b-b9e7-f2572b4ef764
Event: (46854) 1998 QY42
Report folder: C:\Users\AstroPC\Documents\SharpCap\occultation-manager\Reports
Checking template exists...
Template found: C:\Users\AstroPC\Git\occultation-tools\occultation-manager\python\RASNZ_AstReporttForm_V4.1.2.G.xlsx
Loading template workbook...
Workbook loaded successfully
Accessing DATA worksheet...
Worksheet accessed successfully
Validating template...
Getting cell mapping...
Filling event data...
Filling observer data...
Filling telescope data...
Filling recording times...
Filling metadata...
Generating filename...
Report will be saved to: C:\Users\AstroPC\Documents\SharpCap\occultation-manager\Reports\20251213_46854_1998_QY42_UCAC4_485_038369-Camilleri.xlsx
Saving report...
SUCCESS: Report generated: C:\Users\AstroPC\Documents\SharpCap\occultation-manager\Reports\20251213_46854_1998_QY42_UCAC4_485_038369-Camilleri.xlsx
============================================================
Trans-Tasman Report generation started
Telescope ID: a00860bb-adac-4c74-a06b-a5f46b2988f9
Camera ID: af055359-5a77-438b-b9e7-f2572b4ef764
Event: (46854) 1998 QY42
Report folder: C:\Users\AstroPC\Documents\SharpCap\occultation-manager\Reports
Checking template exists...
Template found: C:\Users\AstroPC\Git\occultation-tools\occultation-manager\python\RASNZ_AstReporttForm_V4.1.2.G.xlsx
Loading template workbook...
Workbook loaded successfully
Accessing DATA worksheet...
Worksheet accessed successfully
Validating template...
Getting cell mapping...
Filling event data...
Filling observer data...
Filling telescope data...
Filling recording times...
Filling metadata...
Generating filename...
Report will be saved to: C:\Users\AstroPC\Documents\SharpCap\occultation-manager\Reports\20251213_46854_1998_QY42_UCAC4_485_038369-Camilleri.xlsx
Saving report...
SUCCESS: Report generated: C:\Users\AstroPC\Documents\SharpCap\occultation-manager\Reports\20251213_46854_1998_QY42_UCAC4_485_038369-Camilleri.xlsx
============================================================
Trans-Tasman Report generation started
Telescope ID: a00860bb-adac-4c74-a06b-a5f46b2988f9
Camera ID: af055359-5a77-438b-b9e7-f2572b4ef764
Event: (46854) 1998 QY42
Report folder: C:\Users\AstroPC\Documents\SharpCap\occultation-manager\Reports
Checking template exists...
Template found: C:\Users\AstroPC\Git\occultation-tools\occultation-manager\python\RASNZ_AstReporttForm_V4.1.2.G.xlsx
Loading template workbook...
Workbook loaded successfully
Accessing DATA worksheet...
Worksheet accessed successfully
Validating template...
Getting cell mapping...
Filling event data...
Filling observer data...
Filling telescope data...
Filling recording times...
Filling metadata...
Generating filename...
Report will be saved to: C:\Users\AstroPC\Documents\SharpCap\occultation-manager\Reports\20251213_46854_1998_QY42_UCAC4_485_038369-Camilleri_Auckland__NZ.xlsx
Saving report...
SUCCESS: Report generated: C:\Users\AstroPC\Documents\SharpCap\occultation-manager\Reports\20251213_46854_1998_QY42_UCAC4_485_038369-Camilleri_Auckland__NZ.xlsx
============================================================
Trans-Tasman Report generation started
Telescope ID: a00860bb-adac-4c74-a06b-a5f46b2988f9
Camera ID: af055359-5a77-438b-b9e7-f2572b4ef764
Event: (46854) 1998 QY42
Report folder: C:\Users\AstroPC\Documents\SharpCap\occultation-manager\Reports
Checking template exists...
Template found: C:\Users\AstroPC\Git\occultation-tools\occultation-manager\python\RASNZ_AstReporttForm_V4.1.2.G.xlsx
Loading template workbook...
Workbook loaded successfully
Accessing DATA worksheet...
Worksheet accessed successfully
Validating template...
Getting cell mapping...
Filling event data...
Filling observer data...
Filling telescope data...
Filling recording times...
Filling metadata...
Generating filename...
Report will be saved to: C:\Users\AstroPC\Documents\SharpCap\occultation-manager\Reports\20251213_46854_1998_QY42_UCAC4_485_038369-Camilleri_Camilleri_M_Home.xlsx
Saving report...
SUCCESS: Report generated: C:\Users\AstroPC\Documents\SharpCap\occultation-manager\Reports\20251213_46854_1998_QY42_UCAC4_485_038369-Camilleri_Camilleri_M_Home.xlsx
============================================================
Trans-Tasman Report generation started
Telescope ID: a00860bb-adac-4c74-a06b-a5f46b2988f9
Camera ID: af055359-5a77-438b-b9e7-f2572b4ef764
Event: (46854) 1998 QY42
Report folder: C:\Users\AstroPC\Documents\SharpCap\occultation-manager\Reports
Checking template exists...
Template found: C:\Users\AstroPC\Git\occultation-tools\occultation-manager\python\RASNZ_AstReporttForm_V4.1.2.G.xlsx
Loading template workbook...
Workbook loaded successfully
Accessing DATA worksheet...
Worksheet accessed successfully
Validating template...
Getting cell mapping...
Filling event data...
Filling observer data...
Filling telescope data...
Filling recording times...
Filling metadata...
Generating filename...
Report will be saved to: C:\Users\AstroPC\Documents\SharpCap\occultation-manager\Reports\20251213_46854_1998_QY42_UCAC4_485_038369-Camilleri_M_Home.xlsx
Saving report...
SUCCESS: Report generated: C:\Users\AstroPC\Documents\SharpCap\occultation-manager\Reports\20251213_46854_1998_QY42_UCAC4_485_038369-Camilleri_M_Home.xlsx
============================================================
Trans-Tasman Report generation started
Telescope ID: a00860bb-adac-4c74-a06b-a5f46b2988f9
Camera ID: af055359-5a77-438b-b9e7-f2572b4ef764
Event: (46854) 1998 QY42
Report folder: C:\Users\AstroPC\Documents\SharpCap\occultation-manager\Reports
Checking template exists...
Template found: C:\Users\AstroPC\Git\occultation-tools\occultation-manager\python\RASNZ_AstReporttForm_V4.1.2.G.xlsx
Loading template workbook...
Workbook loaded successfully
Accessing DATA worksheet...
Worksheet accessed successfully
Validating template...
Getting cell mapping...
Filling event data...
Filling observer data...
Filling telescope data...
Filling recording times...
Filling metadata...
Generating filename...
Report will be saved to: C:\Users\AstroPC\Documents\SharpCap\occultation-manager\Reports\20251213_46854_1998_QY42_UCAC4_485_038369-Camilleri_M_Home.xlsx
Saving report...
SUCCESS: Report generated: C:\Users\AstroPC\Documents\SharpCap\occultation-manager\Reports\20251213_46854_1998_QY42_UCAC4_485_038369-Camilleri_M_Home.xlsx
============================================================
Trans-Tasman Report generation started
Telescope ID: a00860bb-adac-4c74-a06b-a5f46b2988f9
Camera ID: af055359-5a77-438b-b9e7-f2572b4ef764
Event: (46854) 1998 QY42
Report folder: C:\Users\AstroPC\Documents\SharpCap\occultation-manager\Reports
Checking template exists...
Template found: C:\Users\AstroPC\Git\occultation-tools\occultation-manager\python\RASNZ_AstReporttForm_V4.1.2.G.xlsx
Loading template workbook...
Workbook loaded successfully
Accessing DATA worksheet...
Worksheet accessed successfully
Validating template...
Getting cell mapping...
Filling event data...
Filling observer data...
Filling telescope data...
Filling recording times...
Filling metadata...
Generating filename...
Report will be saved to: C:\Users\AstroPC\Documents\SharpCap\occultation-manager\Reports\20251213_46854_1998_QY42_UCAC4_485_038369-Camilleri_M_Home.xlsx
Saving report...
SUCCESS: Report generated: C:\Users\AstroPC\Documents\SharpCap\occultation-manager\Reports\20251213_46854_1998_QY42_UCAC4_485_038369-Camilleri_M_Home.xlsx
============================================================
Trans-Tasman Report generation started
Telescope ID: a00860bb-adac-4c74-a06b-a5f46b2988f9
Camera ID: af055359-5a77-438b-b9e7-f2572b4ef764
Event: (46854) 1998 QY42
Report folder: C:\Users\AstroPC\Documents\SharpCap\occultation-manager\Reports
Checking template exists...
Template found: C:\Users\AstroPC\Git\occultation-tools\occultation-manager\python\RASNZ_AstReporttForm_V4.1.2.G.xlsx
Loading template workbook...
Workbook loaded successfully
Accessing DATA worksheet...
Worksheet accessed successfully
Validating template...
Getting cell mapping...
Filling event data...
Filling observer data...
Filling telescope data...
Filling recording times...
Filling metadata...
Generating filename...
Report will be saved to: C:\Users\AstroPC\Documents\SharpCap\occultation-manager\Reports\20251213_46854_1998_QY42_UCAC4_485_038369-Camilleri_M_Home.xlsx
Saving report...
SUCCESS: Report generated: C:\Users\AstroPC\Documents\SharpCap\occultation-manager\Reports\20251213_46854_1998_QY42_UCAC4_485_038369-Camilleri_M_Home.xlsx
============================================================
Trans-Tasman Report generation started
Telescope ID: a00860bb-adac-4c74-a06b-a5f46b2988f9
Camera ID: af055359-5a77-438b-b9e7-f2572b4ef764
Event: (46854) 1998 QY42
Report folder: C:\Users\AstroPC\Documents\SharpCap\occultation-manager\Reports
Checking template exists...
Template found: C:\Users\AstroPC\Git\occultation-tools\occultation-manager\python\RASNZ_AstReporttForm_V4.1.2.G.xlsx
Loading template workbook...
Workbook loaded successfully
Accessing DATA worksheet...
Worksheet accessed successfully
Validating template...
Getting cell mapping...
Filling event data...
Filling observer data...
Filling telescope data...
Filling recording times...
Filling metadata...
Generating filename...
Report will be saved to: C:\Users\AstroPC\Documents\SharpCap\occultation-manager\Reports\20251213_46854_1998_QY42_UCAC4_485_038369-Camilleri_M_Home.xlsx
Saving report...
SUCCESS: Report generated: C:\Users\AstroPC\Documents\SharpCap\occultation-manager\Reports\20251213_46854_1998_QY42_UCAC4_485_038369-Camilleri_M_Home.xlsx
============================================================
Trans-Tasman Report generation started
Telescope ID: a00860bb-adac-4c74-a06b-a5f46b2988f9
Camera ID: af055359-5a77-438b-b9e7-f2572b4ef764
Event: (46854) 1998 QY42
Report folder: C:\Users\AstroPC\Documents\SharpCap\occultation-manager\Reports
Checking template exists...
Template found: C:\Users\AstroPC\Git\occultation-tools\occultation-manager\python\RASNZ_AstReporttForm_V4.1.2.G.xlsx
Loading template workbook...
Workbook loaded successfully
Accessing DATA worksheet...
Worksheet accessed successfully
Validating template...
Getting cell mapping...
Filling event data...
Filling observer data...
Filling telescope data...
Filling recording times...
Filling metadata...
Generating filename...
Report will be saved to: C:\Users\AstroPC\Documents\SharpCap\occultation-manager\Reports\20251213_46854_1998_QY42_UCAC4_485_038369-Camilleri_M_Home.xlsx
Saving report...
SUCCESS: Report generated: C:\Users\AstroPC\Documents\SharpCap\occultation-manager\Reports\20251213_46854_1998_QY42_UCAC4_485_038369-Camilleri_M_Home.xlsx
============================================================
Trans-Tasman Report generation started
Telescope ID: a00860bb-adac-4c74-a06b-a5f46b2988f9
Camera ID: af055359-5a77-438b-b9e7-f2572b4ef764
Event: (46854) 1998 QY42
Report folder: C:\Users\AstroPC\Documents\SharpCap\occultation-manager\Reports
Checking template exists...
Template found: C:\Users\AstroPC\Git\occultation-tools\occultation-manager\python\RASNZ_AstReporttForm_V4.1.2.G.xlsx
Loading template workbook...
Workbook loaded successfully
Accessing DATA worksheet...
Worksheet accessed successfully
Validating template...
Getting cell mapping...
Filling event data...
Filling observer data...
Filling telescope data...
Filling recording times...
Filling metadata...
Generating filename...
Report will be saved to: C:\Users\AstroPC\Documents\SharpCap\occultation-manager\Reports\20251213_46854_1998_QY42_UCAC4_485_038369-Camilleri_M_Home.xlsx
Saving report...
SUCCESS: Report generated: C:\Users\AstroPC\Documents\SharpCap\occultation-manager\Reports\20251213_46854_1998_QY42_UCAC4_485_038369-Camilleri_M_Home.xlsx
============================================================
Trans-Tasman Report generation started
Telescope ID: a00860bb-adac-4c74-a06b-a5f46b2988f9
Camera ID: af055359-5a77-438b-b9e7-f2572b4ef764
Event: (46854) 1998 QY42
Report folder: C:\Users\AstroPC\Documents\SharpCap\occultation-manager\Reports
Checking template exists...
Template found: C:\Users\AstroPC\Git\occultation-tools\occultation-manager\python\RASNZ_AstReporttForm_V4.1.2.G.xlsx
Loading template workbook...
Workbook loaded successfully
Accessing DATA worksheet...
Worksheet accessed successfully
Validating template...
Getting cell mapping...
Filling event data...
Filling observer data...
Filling telescope data...
Filling recording times...
Filling metadata...
Generating filename...
Report will be saved to: C:\Users\AstroPC\Documents\SharpCap\occultation-manager\Reports\20251213_46854_1998_QY42_UCAC4_485_038369-Camilleri_M_Home.xlsx
Saving report...
SUCCESS: Report generated: C:\Users\AstroPC\Documents\SharpCap\occultation-manager\Reports\20251213_46854_1998_QY42_UCAC4_485_038369-Camilleri_M_Home.xlsx
============================================================
Trans-Tasman Report generation started (String-based)
Building replacements dictionary...
Generating filename...
Output path: C:\Users\AstroPC\Documents\SharpCap\occultation-manager\Reports\20251213_46854_1998_QY42_UCAC4_485_038369-Camilleri_M_Home.xlsx
Creating modified workbook...
Creating diagnostic dumps...
Template dump created: C:\Users\AstroPC\Documents\SharpCap\occultation-manager\Reports\DIAGNOSTIC_template_dump.txt
Output dump created: C:\Users\AstroPC\Documents\SharpCap\occultation-manager\Reports\DIAGNOSTIC_20251213_46854_1998_QY42_UCAC4_485_038369-Camilleri_M_Home_dump.txt
SUCCESS: Report generated: C:\Users\AstroPC\Documents\SharpCap\occultation-manager\Reports\20251213_46854_1998_QY42_UCAC4_485_038369-Camilleri_M_Home.xlsx
============================================================
Trans-Tasman Report generation started (String-based)
Analyzing template for placeholders...
Sheet1.xml size: 70664 bytes
Found 0 placeholders in template:
Building replacements dictionary...
Built 44 replacements:
  {{APERTURE_UNITS}} = cm
  {{APERTURE}} = 23.5
  {{ASTEROID_NAME}} = 1998 QY42
  {{ASTEROID_NUMBER}} = 46854
  {{ASTEROID_VISIBLE}} = Yes
  {{CORRECTIONS_APPLIED}} = No
  {{DETECTOR}} = imx462mm
  {{ELEVATION_DATUM}} = WGS84
  {{ELEVATION_UNITS}} = m
  {{ELEVATION}} = 23.0
  {{EVENT_DAY}} = 13
  {{EVENT_MONTH}} = December
  {{EVENT_YEAR}} = 2025
  {{FOCAL_RATIO}} = 3.2999999999999998
  {{INTEGRATION_UNITS}} = Frames
  {{INTEGRATION}} = Exposure
  {{LATITUDE_DIR}} = S
  {{LATITUDE_FORMAT}} = deg.ddddd
  {{LATITUDE}} = 36.835560000000001
  {{LONGITUDE_DIR}} = E
  {{LONGITUDE_FORMAT}} = deg.ddddd
  {{LONGITUDE}} = 174.65780000000001
  {{OBSERVATION_TYPE}} = Positive
  {{OBSERVER_ADDRESS}} = 7/1 Piriti Drive, Te Atatu Peninsula
  {{OBSERVER_CITY_STATE_COUNTRY}} = Auckland, NZ
  {{OBSERVER_EMAIL}} = mcamilleri69@gmail.com
  {{OBSERVER_NAME}} = Michael Camilleri
  {{OBSERVER_PHONE}} = +64211840111
  {{OBSERVING_LOCATION}} = xx yy
  {{PREDICTED_HOURS}} = 10
  {{PREDICTED_MINUTES}} = 3
  {{PREDICTED_SECONDS}} = 42
  {{RIO_TNO_PREDICTION}} = No
  {{SECOND_STAR}} = No
  {{STARTED_OBSERVING_HOURS}} = 10
  {{STAR_CATALOG}} = UCAC4
  {{STAR_NUMBER}} = 485-038369
  {{STOPPED_OBSERVING_HOURS}} = 10
  {{TELESCOPE_TYPE}} = SCT including Cass and Mak
  {{TIMING_DEVICE}} = GPS PPS
  {{TIMING_METHOD}} = Video Recording
  {{TIMING}} = GPS - other linking
  {{VIDEO_FORMAT}} = Other
  {{WAS_MISS}} = No
Generating filename...
Output path: C:\Users\AstroPC\Documents\SharpCap\occultation-manager\Reports\20251213_46854_1998_QY42_UCAC4_485_038369-Camilleri_M_Home.xlsx
Creating modified workbook...
Creating diagnostic dumps...
Template dump created: C:\Users\AstroPC\Documents\SharpCap\occultation-manager\Reports\DIAGNOSTIC_template_dump.txt
Output dump created: C:\Users\AstroPC\Documents\SharpCap\occultation-manager\Reports\DIAGNOSTIC_20251213_46854_1998_QY42_UCAC4_485_038369-Camilleri_M_Home_dump.txt
SUCCESS: Report generated: C:\Users\AstroPC\Documents\SharpCap\occultation-manager\Reports\20251213_46854_1998_QY42_UCAC4_485_038369-Camilleri_M_Home.xlsx
============================================================
Trans-Tasman Report generation started (String-based)
Template path: C:\Users\AstroPC\Git\occultation-tools\occultation-manager\python\RASNZ_AstReporttForm_V4.1.2.G_Template.xlsx
Template exists: True
Analyzing template for placeholders...
Sheet1.xml size: 70664 bytes
Found 0 placeholders in template:
Building replacements dictionary...
Built 44 replacements:
  {{APERTURE_UNITS}} = cm
  {{APERTURE}} = 23.5
  {{ASTEROID_NAME}} = 1998 QY42
  {{ASTEROID_NUMBER}} = 46854
  {{ASTEROID_VISIBLE}} = Yes
  {{CORRECTIONS_APPLIED}} = No
  {{DETECTOR}} = imx462mm
  {{ELEVATION_DATUM}} = WGS84
  {{ELEVATION_UNITS}} = m
  {{ELEVATION}} = 23.0
  {{EVENT_DAY}} = 13
  {{EVENT_MONTH}} = December
  {{EVENT_YEAR}} = 2025
  {{FOCAL_RATIO}} = 3.2999999999999998
  {{INTEGRATION_UNITS}} = Frames
  {{INTEGRATION}} = Exposure
  {{LATITUDE_DIR}} = S
  {{LATITUDE_FORMAT}} = deg.ddddd
  {{LATITUDE}} = 36.835560000000001
  {{LONGITUDE_DIR}} = E
  {{LONGITUDE_FORMAT}} = deg.ddddd
  {{LONGITUDE}} = 174.65780000000001
  {{OBSERVATION_TYPE}} = Positive
  {{OBSERVER_ADDRESS}} = 7/1 Piriti Drive, Te Atatu Peninsula
  {{OBSERVER_CITY_STATE_COUNTRY}} = Auckland, NZ
  {{OBSERVER_EMAIL}} = mcamilleri69@gmail.com
  {{OBSERVER_NAME}} = Michael Camilleri
  {{OBSERVER_PHONE}} = +64211840111
  {{OBSERVING_LOCATION}} = xx yy
  {{PREDICTED_HOURS}} = 10
  {{PREDICTED_MINUTES}} = 3
  {{PREDICTED_SECONDS}} = 42
  {{RIO_TNO_PREDICTION}} = No
  {{SECOND_STAR}} = No
  {{STARTED_OBSERVING_HOURS}} = 10
  {{STAR_CATALOG}} = UCAC4
  {{STAR_NUMBER}} = 485-038369
  {{STOPPED_OBSERVING_HOURS}} = 10
  {{TELESCOPE_TYPE}} = SCT including Cass and Mak
  {{TIMING_DEVICE}} = GPS PPS
  {{TIMING_METHOD}} = Video Recording
  {{TIMING}} = GPS - other linking
  {{VIDEO_FORMAT}} = Other
  {{WAS_MISS}} = No
Generating filename...
Output path: C:\Users\AstroPC\Documents\SharpCap\occultation-manager\Reports\20251213_46854_1998_QY42_UCAC4_485_038369-Camilleri_M_Home.xlsx
Creating modified workbook...
Creating diagnostic dumps...
Template dump created: C:\Users\AstroPC\Documents\SharpCap\occultation-manager\Reports\DIAGNOSTIC_template_dump.txt
Output dump created: C:\Users\AstroPC\Documents\SharpCap\occultation-manager\Reports\DIAGNOSTIC_20251213_46854_1998_QY42_UCAC4_485_038369-Camilleri_M_Home_dump.txt
SUCCESS: Report generated: C:\Users\AstroPC\Documents\SharpCap\occultation-manager\Reports\20251213_46854_1998_QY42_UCAC4_485_038369-Camilleri_M_Home.xlsx
============================================================
Trans-Tasman Report generation started (String-based)
Template path: C:\Users\AstroPC\Git\occultation-tools\occultation-manager\python\RASNZ_AstReporttForm_V4.1.2.G_Template.xlsx
Template exists: True
Analyzing template for placeholders...
SharedStrings.xml size: 24637 bytes
Found 48 placeholders in SHARED STRINGS:
  {{APERTURE_UNITS}}
  {{APERTURE}}
  {{ASTEROID_NAME}}
  {{ASTEROID_NUMBER}}
  {{ASTEROID_VISIBLE}}
  {{CAMERA_DELAY_CORRECTION}}
  {{COMMENTS}}
  {{CORRECTIONS_APPLIED}}
  {{DETECTOR}}
  {{ELEVATION_DATUM}}
  {{ELEVATION_UNITS}}
  {{ELEVATION}}
  {{EVENT_DAY}}
  {{EVENT_MONTH}}
  {{EVENT_YEAR}}
  {{FOCAL_RATIO}}
  {{INTEGRATION_UNITS}}
  {{INTEGRATION}}
  {{LATITUDE_DIR}}
  {{LATITUDE_FORMAT}}
  {{LATITUDE}}
  {{LONGITUDE_DIR}}
  {{LONGITUDE_FORMAT}}
  {{LONGITUDE}}
  {{OBSERVATION_TYPE}}
  {{OBSERVER_ADDRESS}}
  {{OBSERVER_CITY_STATE_COUNTRY}}
  {{OBSERVER_EMAIL}}
  {{OBSERVER_FAX}}
  {{OBSERVER_NAME}}
  {{OBSERVER_PHONE}}
  {{OBSERVING_LOCATION}}
  {{PREDICTED_HOURS}}
  {{PREDICTED_MINUTES}}
  {{PREDICTED_SECONDS}}
  {{RIO_TNO_PREDICTION}}
  {{SECOND_STAR}}
  {{STARTED_OBSERVING_HOURS}}
  {{STAR_CATALOG}}
  {{STAR_NUMBER}}
  {{STOPPED_OBSERVING_HOURS}}
  {{TELESCOPE_TYPE}}
  {{TIMING_DEVICE}}
  {{TIMING_METHOD}}
  {{TIMING}}
  {{VIDEO_FORMAT}}
  {{VTI_CORRECTION}}
  {{WAS_MISS}}
Sheet1.xml size: 70664 bytes
Found 0 placeholders in SHEET XML:
Building replacements dictionary...
Built 44 replacements:
  {{APERTURE_UNITS}} = cm
  {{APERTURE}} = 23.5
  {{ASTEROID_NAME}} = 1998 QY42
  {{ASTEROID_NUMBER}} = 46854
  {{ASTEROID_VISIBLE}} = Yes
  {{CORRECTIONS_APPLIED}} = No
  {{DETECTOR}} = imx462mm
  {{ELEVATION_DATUM}} = WGS84
  {{ELEVATION_UNITS}} = m
  {{ELEVATION}} = 23.0
  {{EVENT_DAY}} = 13
  {{EVENT_MONTH}} = December
  {{EVENT_YEAR}} = 2025
  {{FOCAL_RATIO}} = 3.2999999999999998
  {{INTEGRATION_UNITS}} = Frames
  {{INTEGRATION}} = Exposure
  {{LATITUDE_DIR}} = S
  {{LATITUDE_FORMAT}} = deg.ddddd
  {{LATITUDE}} = 36.835560000000001
  {{LONGITUDE_DIR}} = E
  {{LONGITUDE_FORMAT}} = deg.ddddd
  {{LONGITUDE}} = 174.65780000000001
  {{OBSERVATION_TYPE}} = Positive
  {{OBSERVER_ADDRESS}} = 7/1 Piriti Drive, Te Atatu Peninsula
  {{OBSERVER_CITY_STATE_COUNTRY}} = Auckland, NZ
  {{OBSERVER_EMAIL}} = mcamilleri69@gmail.com
  {{OBSERVER_NAME}} = Michael Camilleri
  {{OBSERVER_PHONE}} = +64211840111
  {{OBSERVING_LOCATION}} = xx yy
  {{PREDICTED_HOURS}} = 10
  {{PREDICTED_MINUTES}} = 3
  {{PREDICTED_SECONDS}} = 42
  {{RIO_TNO_PREDICTION}} = No
  {{SECOND_STAR}} = No
  {{STARTED_OBSERVING_HOURS}} = 10
  {{STAR_CATALOG}} = UCAC4
  {{STAR_NUMBER}} = 485-038369
  {{STOPPED_OBSERVING_HOURS}} = 10
  {{TELESCOPE_TYPE}} = SCT including Cass and Mak
  {{TIMING_DEVICE}} = GPS PPS
  {{TIMING_METHOD}} = Video Recording
  {{TIMING}} = GPS - other linking
  {{VIDEO_FORMAT}} = Other
  {{WAS_MISS}} = No
Generating filename...
Output path: C:\Users\AstroPC\Documents\SharpCap\occultation-manager\Reports\20251213_46854_1998_QY42_UCAC4_485_038369-Camilleri_M_Home.xlsx
Creating modified workbook...
Creating diagnostic dumps...
Template dump created: C:\Users\AstroPC\Documents\SharpCap\occultation-manager\Reports\DIAGNOSTIC_template_dump.txt
Output dump created: C:\Users\AstroPC\Documents\SharpCap\occultation-manager\Reports\DIAGNOSTIC_20251213_46854_1998_QY42_UCAC4_485_038369-Camilleri_M_Home_dump.txt
SUCCESS: Report generated: C:\Users\AstroPC\Documents\SharpCap\occultation-manager\Reports\20251213_46854_1998_QY42_UCAC4_485_038369-Camilleri_M_Home.xlsx
============================================================
Trans-Tasman Report generation started (String-based)
Template path: C:\Users\AstroPC\Git\occultation-tools\occultation-manager\python\RASNZ_AstReporttForm_V4.1.2.G_Template.xlsx
Template exists: True
Analyzing template for placeholders...
SharedStrings.xml size: 24637 bytes
Found 48 placeholders in SHARED STRINGS:
  {{APERTURE_UNITS}}
  {{APERTURE}}
  {{ASTEROID_NAME}}
  {{ASTEROID_NUMBER}}
  {{ASTEROID_VISIBLE}}
  {{CAMERA_DELAY_CORRECTION}}
  {{COMMENTS}}
  {{CORRECTIONS_APPLIED}}
  {{DETECTOR}}
  {{ELEVATION_DATUM}}
  {{ELEVATION_UNITS}}
  {{ELEVATION}}
  {{EVENT_DAY}}
  {{EVENT_MONTH}}
  {{EVENT_YEAR}}
  {{FOCAL_RATIO}}
  {{INTEGRATION_UNITS}}
  {{INTEGRATION}}
  {{LATITUDE_DIR}}
  {{LATITUDE_FORMAT}}
  {{LATITUDE}}
  {{LONGITUDE_DIR}}
  {{LONGITUDE_FORMAT}}
  {{LONGITUDE}}
  {{OBSERVATION_TYPE}}
  {{OBSERVER_ADDRESS}}
  {{OBSERVER_CITY_STATE_COUNTRY}}
  {{OBSERVER_EMAIL}}
  {{OBSERVER_FAX}}
  {{OBSERVER_NAME}}
  {{OBSERVER_PHONE}}
  {{OBSERVING_LOCATION}}
  {{PREDICTED_HOURS}}
  {{PREDICTED_MINUTES}}
  {{PREDICTED_SECONDS}}
  {{RIO_TNO_PREDICTION}}
  {{SECOND_STAR}}
  {{STARTED_OBSERVING_HOURS}}
  {{STAR_CATALOG}}
  {{STAR_NUMBER}}
  {{STOPPED_OBSERVING_HOURS}}
  {{TELESCOPE_TYPE}}
  {{TIMING_DEVICE}}
  {{TIMING_METHOD}}
  {{TIMING}}
  {{VIDEO_FORMAT}}
  {{VTI_CORRECTION}}
  {{WAS_MISS}}
Sheet1.xml size: 70664 bytes
Found 0 placeholders in SHEET XML:
Building replacements dictionary...
Built 46 replacements:
  {{APERTURE_UNITS}} = cm
  {{APERTURE}} = 23.5
  {{ASTEROID_NAME}} = 1998 QY42
  {{ASTEROID_NUMBER}} = 46854
  {{ASTEROID_VISIBLE}} = Yes
  {{COMMENTS}} = 
  {{CORRECTIONS_APPLIED}} = No
  {{DETECTOR}} = imx462mm
  {{ELEVATION_DATUM}} = WGS84
  {{ELEVATION_UNITS}} = m
  {{ELEVATION}} = 23.0
  {{EVENT_DAY}} = 13
  {{EVENT_MONTH}} = December
  {{EVENT_YEAR}} = 2025
  {{FOCAL_RATIO}} = 3.2999999999999998
  {{INTEGRATION_UNITS}} = Frames
  {{INTEGRATION}} = Exposure
  {{LATITUDE_DIR}} = S
  {{LATITUDE_FORMAT}} = deg.ddddd
  {{LATITUDE}} = 36.835560000000001
  {{LONGITUDE_DIR}} = E
  {{LONGITUDE_FORMAT}} = deg.ddddd
  {{LONGITUDE}} = 174.65780000000001
  {{OBSERVATION_TYPE}} = Positive
  {{OBSERVER_ADDRESS}} = 7/1 Piriti Drive, Te Atatu Peninsula
  {{OBSERVER_CITY_STATE_COUNTRY}} = Auckland, NZ
  {{OBSERVER_EMAIL}} = mcamilleri69@gmail.com
  {{OBSERVER_FAX}} = 
  {{OBSERVER_NAME}} = Michael Camilleri
  {{OBSERVER_PHONE}} = +64211840111
  {{OBSERVING_LOCATION}} = xx vv
  {{PREDICTED_HOURS}} = 10
  {{PREDICTED_MINUTES}} = 3
  {{PREDICTED_SECONDS}} = 42
  {{RIO_TNO_PREDICTION}} = No
  {{SECOND_STAR}} = No
  {{STARTED_OBSERVING_HOURS}} = 10
  {{STAR_CATALOG}} = UCAC4
  {{STAR_NUMBER}} = 485-038369
  {{STOPPED_OBSERVING_HOURS}} = 10
  {{TELESCOPE_TYPE}} = SCT including Cass and Mak
  {{TIMING_DEVICE}} = GPS PPS
  {{TIMING_METHOD}} = Video Recording
  {{TIMING}} = GPS - other linking
  {{VIDEO_FORMAT}} = Other
  {{WAS_MISS}} = No
Generating filename...
Output path: C:\Users\AstroPC\Documents\SharpCap\occultation-manager\Reports\20251213_46854_1998_QY42_UCAC4_485_038369-Camilleri_M_Home.xlsx
Creating modified workbook...
Creating diagnostic dumps...
Template dump created: C:\Users\AstroPC\Documents\SharpCap\occultation-manager\Reports\DIAGNOSTIC_template_dump.txt
Output dump created: C:\Users\AstroPC\Documents\SharpCap\occultation-manager\Reports\DIAGNOSTIC_20251213_46854_1998_QY42_UCAC4_485_038369-Camilleri_M_Home_dump.txt
SUCCESS: Report generated: C:\Users\AstroPC\Documents\SharpCap\occultation-manager\Reports\20251213_46854_1998_QY42_UCAC4_485_038369-Camilleri_M_Home.xlsx
============================================================
Trans-Tasman Report generation started (String-based)
Template path: C:\Users\AstroPC\Git\occultation-tools\occultation-manager\python\RASNZ_AstReporttForm_V4.1.2.G_Template.xlsx
Template exists: True
Analyzing template for placeholders...
SharedStrings.xml size: 24637 bytes
Found 48 placeholders in SHARED STRINGS:
  {{APERTURE_UNITS}}
  {{APERTURE}}
  {{ASTEROID_NAME}}
  {{ASTEROID_NUMBER}}
  {{ASTEROID_VISIBLE}}
  {{CAMERA_DELAY_CORRECTION}}
  {{COMMENTS}}
  {{CORRECTIONS_APPLIED}}
  {{DETECTOR}}
  {{ELEVATION_DATUM}}
  {{ELEVATION_UNITS}}
  {{ELEVATION}}
  {{EVENT_DAY}}
  {{EVENT_MONTH}}
  {{EVENT_YEAR}}
  {{FOCAL_RATIO}}
  {{INTEGRATION_UNITS}}
  {{INTEGRATION}}
  {{LATITUDE_DIR}}
  {{LATITUDE_FORMAT}}
  {{LATITUDE}}
  {{LONGITUDE_DIR}}
  {{LONGITUDE_FORMAT}}
  {{LONGITUDE}}
  {{OBSERVATION_TYPE}}
  {{OBSERVER_ADDRESS}}
  {{OBSERVER_CITY_STATE_COUNTRY}}
  {{OBSERVER_EMAIL}}
  {{OBSERVER_FAX}}
  {{OBSERVER_NAME}}
  {{OBSERVER_PHONE}}
  {{OBSERVING_LOCATION}}
  {{PREDICTED_HOURS}}
  {{PREDICTED_MINUTES}}
  {{PREDICTED_SECONDS}}
  {{RIO_TNO_PREDICTION}}
  {{SECOND_STAR}}
  {{STARTED_OBSERVING_HOURS}}
  {{STAR_CATALOG}}
  {{STAR_NUMBER}}
  {{STOPPED_OBSERVING_HOURS}}
  {{TELESCOPE_TYPE}}
  {{TIMING_DEVICE}}
  {{TIMING_METHOD}}
  {{TIMING}}
  {{VIDEO_FORMAT}}
  {{VTI_CORRECTION}}
  {{WAS_MISS}}
Sheet1.xml size: 70664 bytes
Found 0 placeholders in SHEET XML:
Building replacements dictionary...
Built 46 replacements:
  {{APERTURE_UNITS}} = cm
  {{APERTURE}} = 23.5
  {{ASTEROID_NAME}} = 1998 QY42
  {{ASTEROID_NUMBER}} = 46854
  {{ASTEROID_VISIBLE}} = Yes
  {{COMMENTS}} = 
  {{CORRECTIONS_APPLIED}} = No
  {{DETECTOR}} = imx462mm
  {{ELEVATION_DATUM}} = WGS84
  {{ELEVATION_UNITS}} = m
  {{ELEVATION}} = 23.0
  {{EVENT_DAY}} = 13
  {{EVENT_MONTH}} = December
  {{EVENT_YEAR}} = 2025
  {{FOCAL_RATIO}} = 3.2999999999999998
  {{INTEGRATION_UNITS}} = Frames
  {{INTEGRATION}} = Exposure
  {{LATITUDE_DIR}} = S
  {{LATITUDE_FORMAT}} = deg.ddddd
  {{LATITUDE}} = 36.835560000000001
  {{LONGITUDE_DIR}} = E
  {{LONGITUDE_FORMAT}} = deg.ddddd
  {{LONGITUDE}} = 174.65780000000001
  {{OBSERVATION_TYPE}} = Positive
  {{OBSERVER_ADDRESS}} = 7/1 Piriti Drive, Te Atatu Peninsula
  {{OBSERVER_CITY_STATE_COUNTRY}} = Auckland, NZ
  {{OBSERVER_EMAIL}} = mcamilleri69@gmail.com
  {{OBSERVER_FAX}} = 
  {{OBSERVER_NAME}} = Michael Camilleri
  {{OBSERVER_PHONE}} = +64211840111
  {{OBSERVING_LOCATION}} = x ccc
  {{PREDICTED_HOURS}} = 10
  {{PREDICTED_MINUTES}} = 3
  {{PREDICTED_SECONDS}} = 42
  {{RIO_TNO_PREDICTION}} = No
  {{SECOND_STAR}} = No
  {{STARTED_OBSERVING_HOURS}} = 10
  {{STAR_CATALOG}} = UCAC4
  {{STAR_NUMBER}} = 485-038369
  {{STOPPED_OBSERVING_HOURS}} = 10
  {{TELESCOPE_TYPE}} = SCT including Cass and Mak
  {{TIMING_DEVICE}} = GPS PPS
  {{TIMING_METHOD}} = Video Recording
  {{TIMING}} = GPS - other linking
  {{VIDEO_FORMAT}} = Other
  {{WAS_MISS}} = No
Generating filename...
Output path: C:\Users\AstroPC\Documents\SharpCap\occultation-manager\Reports\20251213_46854_1998_QY42_UCAC4_485_038369-Camilleri_M_Home.xlsx
Creating modified workbook...
Creating diagnostic dumps...
Template dump created: C:\Users\AstroPC\Documents\SharpCap\occultation-manager\Reports\DIAGNOSTIC_template_dump.txt
Output dump created: C:\Users\AstroPC\Documents\SharpCap\occultation-manager\Reports\DIAGNOSTIC_20251213_46854_1998_QY42_UCAC4_485_038369-Camilleri_M_Home_dump.txt
SUCCESS: Report generated: C:\Users\AstroPC\Documents\SharpCap\occultation-manager\Reports\20251213_46854_1998_QY42_UCAC4_485_038369-Camilleri_M_Home.xlsx
============================================================
Trans-Tasman Report generation started (String-based)
Template path: C:\Users\AstroPC\Git\occultation-tools\occultation-manager\python\RASNZ_AstReporttForm_V4.1.2.G_Template.xlsx
Template exists: True
Analyzing template for placeholders...
SharedStrings.xml size: 24637 bytes
Found 48 placeholders in SHARED STRINGS:
  {{APERTURE_UNITS}}
  {{APERTURE}}
  {{ASTEROID_NAME}}
  {{ASTEROID_NUMBER}}
  {{ASTEROID_VISIBLE}}
  {{CAMERA_DELAY_CORRECTION}}
  {{COMMENTS}}
  {{CORRECTIONS_APPLIED}}
  {{DETECTOR}}
  {{ELEVATION_DATUM}}
  {{ELEVATION_UNITS}}
  {{ELEVATION}}
  {{EVENT_DAY}}
  {{EVENT_MONTH}}
  {{EVENT_YEAR}}
  {{FOCAL_RATIO}}
  {{INTEGRATION_UNITS}}
  {{INTEGRATION}}
  {{LATITUDE_DIR}}
  {{LATITUDE_FORMAT}}
  {{LATITUDE}}
  {{LONGITUDE_DIR}}
  {{LONGITUDE_FORMAT}}
  {{LONGITUDE}}
  {{OBSERVATION_TYPE}}
  {{OBSERVER_ADDRESS}}
  {{OBSERVER_CITY_STATE_COUNTRY}}
  {{OBSERVER_EMAIL}}
  {{OBSERVER_FAX}}
  {{OBSERVER_NAME}}
  {{OBSERVER_PHONE}}
  {{OBSERVING_LOCATION}}
  {{PREDICTED_HOURS}}
  {{PREDICTED_MINUTES}}
  {{PREDICTED_SECONDS}}
  {{RIO_TNO_PREDICTION}}
  {{SECOND_STAR}}
  {{STARTED_OBSERVING_HOURS}}
  {{STAR_CATALOG}}
  {{STAR_NUMBER}}
  {{STOPPED_OBSERVING_HOURS}}
  {{TELESCOPE_TYPE}}
  {{TIMING_DEVICE}}
  {{TIMING_METHOD}}
  {{TIMING}}
  {{VIDEO_FORMAT}}
  {{VTI_CORRECTION}}
  {{WAS_MISS}}
Sheet1.xml size: 70664 bytes
Found 0 placeholders in SHEET XML:
Building replacements dictionary...
Built 46 replacements:
  {{APERTURE_UNITS}} = cm
  {{APERTURE}} = 23.5
  {{ASTEROID_NAME}} = 1998 QY42
  {{ASTEROID_NUMBER}} = 46854
  {{ASTEROID_VISIBLE}} = Yes
  {{COMMENTS}} = 
  {{CORRECTIONS_APPLIED}} = No
  {{DETECTOR}} = imx462mm
  {{ELEVATION_DATUM}} = WGS84
  {{ELEVATION_UNITS}} = m
  {{ELEVATION}} = 23.0
  {{EVENT_DAY}} = 13
  {{EVENT_MONTH}} = December
  {{EVENT_YEAR}} = 2025
  {{FOCAL_RATIO}} = 3.2999999999999998
  {{INTEGRATION_UNITS}} = Frames
  {{INTEGRATION}} = Exposure
  {{LATITUDE_DIR}} = S
  {{LATITUDE_FORMAT}} = deg.ddddd
  {{LATITUDE}} = 36.835560000000001
  {{LONGITUDE_DIR}} = E
  {{LONGITUDE_FORMAT}} = deg.ddddd
  {{LONGITUDE}} = 174.65780000000001
  {{OBSERVATION_TYPE}} = Positive
  {{OBSERVER_ADDRESS}} = 7/1 Piriti Drive, Te Atatu Peninsula
  {{OBSERVER_CITY_STATE_COUNTRY}} = Auckland, NZ
  {{OBSERVER_EMAIL}} = mcamilleri69@gmail.com
  {{OBSERVER_FAX}} = 
  {{OBSERVER_NAME}} = Michael Camilleri
  {{OBSERVER_PHONE}} = +64211840111
  {{OBSERVING_LOCATION}} = xxvv
  {{PREDICTED_HOURS}} = 10
  {{PREDICTED_MINUTES}} = 3
  {{PREDICTED_SECONDS}} = 42
  {{RIO_TNO_PREDICTION}} = No
  {{SECOND_STAR}} = No
  {{STARTED_OBSERVING_HOURS}} = 10
  {{STAR_CATALOG}} = UCAC4
  {{STAR_NUMBER}} = 485-038369
  {{STOPPED_OBSERVING_HOURS}} = 10
  {{TELESCOPE_TYPE}} = SCT including Cass and Mak
  {{TIMING_DEVICE}} = GPS PPS
  {{TIMING_METHOD}} = Video Recording
  {{TIMING}} = GPS - other linking
  {{VIDEO_FORMAT}} = Other
  {{WAS_MISS}} = No
Generating filename...
Output path: C:\Users\AstroPC\Documents\SharpCap\occultation-manager\Reports\20251213_46854_1998_QY42_UCAC4_485_038369-Camilleri_M_Home.xlsx
Creating modified workbook...
Creating diagnostic dumps...
Template dump created: C:\Users\AstroPC\Documents\SharpCap\occultation-manager\Reports\DIAGNOSTIC_template_dump.txt
Output dump created: C:\Users\AstroPC\Documents\SharpCap\occultation-manager\Reports\DIAGNOSTIC_20251213_46854_1998_QY42_UCAC4_485_038369-Camilleri_M_Home_dump.txt
SUCCESS: Report generated: C:\Users\AstroPC\Documents\SharpCap\occultation-manager\Reports\20251213_46854_1998_QY42_UCAC4_485_038369-Camilleri_M_Home.xlsx
============================================================
Trans-Tasman Report generation started (String-based)
Template path: C:\Users\AstroPC\Git\occultation-tools\occultation-manager\python\RASNZ_AstReporttForm_V4.1.2.G_Template.xlsx
Template exists: True
Analyzing template for placeholders...
SharedStrings.xml size: 24637 bytes
Found 48 placeholders in SHARED STRINGS:
  {{APERTURE_UNITS}}
  {{APERTURE}}
  {{ASTEROID_NAME}}
  {{ASTEROID_NUMBER}}
  {{ASTEROID_VISIBLE}}
  {{CAMERA_DELAY_CORRECTION}}
  {{COMMENTS}}
  {{CORRECTIONS_APPLIED}}
  {{DETECTOR}}
  {{ELEVATION_DATUM}}
  {{ELEVATION_UNITS}}
  {{ELEVATION}}
  {{EVENT_DAY}}
  {{EVENT_MONTH}}
  {{EVENT_YEAR}}
  {{FOCAL_RATIO}}
  {{INTEGRATION_UNITS}}
  {{INTEGRATION}}
  {{LATITUDE_DIR}}
  {{LATITUDE_FORMAT}}
  {{LATITUDE}}
  {{LONGITUDE_DIR}}
  {{LONGITUDE_FORMAT}}
  {{LONGITUDE}}
  {{OBSERVATION_TYPE}}
  {{OBSERVER_ADDRESS}}
  {{OBSERVER_CITY_STATE_COUNTRY}}
  {{OBSERVER_EMAIL}}
  {{OBSERVER_FAX}}
  {{OBSERVER_NAME}}
  {{OBSERVER_PHONE}}
  {{OBSERVING_LOCATION}}
  {{PREDICTED_HOURS}}
  {{PREDICTED_MINUTES}}
  {{PREDICTED_SECONDS}}
  {{RIO_TNO_PREDICTION}}
  {{SECOND_STAR}}
  {{STARTED_OBSERVING_HOURS}}
  {{STAR_CATALOG}}
  {{STAR_NUMBER}}
  {{STOPPED_OBSERVING_HOURS}}
  {{TELESCOPE_TYPE}}
  {{TIMING_DEVICE}}
  {{TIMING_METHOD}}
  {{TIMING}}
  {{VIDEO_FORMAT}}
  {{VTI_CORRECTION}}
  {{WAS_MISS}}
Sheet1.xml size: 70664 bytes
Found 0 placeholders in SHEET XML:
Building replacements dictionary...
Built 46 replacements:
  {{APERTURE_UNITS}} = cm
  {{APERTURE}} = 23.5
  {{ASTEROID_NAME}} = 1998 QY42
  {{ASTEROID_NUMBER}} = 46854
  {{ASTEROID_VISIBLE}} = Yes
  {{COMMENTS}} = 
  {{CORRECTIONS_APPLIED}} = No
  {{DETECTOR}} = imx462mm
  {{ELEVATION_DATUM}} = WGS84
  {{ELEVATION_UNITS}} = m
  {{ELEVATION}} = 23.0
  {{EVENT_DAY}} = 13
  {{EVENT_MONTH}} = December
  {{EVENT_YEAR}} = 2025
  {{FOCAL_RATIO}} = 3.2999999999999998
  {{INTEGRATION_UNITS}} = Frames
  {{INTEGRATION}} = Exposure
  {{LATITUDE_DIR}} = S
  {{LATITUDE_FORMAT}} = deg.ddddd
  {{LATITUDE}} = 36.835560000000001
  {{LONGITUDE_DIR}} = E
  {{LONGITUDE_FORMAT}} = deg.ddddd
  {{LONGITUDE}} = 174.65780000000001
  {{OBSERVATION_TYPE}} = Positive
  {{OBSERVER_ADDRESS}} = 7/1 Piriti Drive, Te Atatu Peninsula
  {{OBSERVER_CITY_STATE_COUNTRY}} = Auckland, NZ
  {{OBSERVER_EMAIL}} = mcamilleri69@gmail.com
  {{OBSERVER_FAX}} = 
  {{OBSERVER_NAME}} = Michael Camilleri
  {{OBSERVER_PHONE}} = +64211840111
  {{OBSERVING_LOCATION}} = MC Home
  {{PREDICTED_HOURS}} = 10
  {{PREDICTED_MINUTES}} = 3
  {{PREDICTED_SECONDS}} = 42
  {{RIO_TNO_PREDICTION}} = No
  {{SECOND_STAR}} = No
  {{STARTED_OBSERVING_HOURS}} = 10
  {{STAR_CATALOG}} = UCAC4
  {{STAR_NUMBER}} = 485-038369
  {{STOPPED_OBSERVING_HOURS}} = 10
  {{TELESCOPE_TYPE}} = SCT including Cass and Mak
  {{TIMING_DEVICE}} = GPS PPS
  {{TIMING_METHOD}} = Video Recording
  {{TIMING}} = GPS - other linking
  {{VIDEO_FORMAT}} = Other
  {{WAS_MISS}} = No
Generating filename...
Output path: C:\Users\AstroPC\Documents\SharpCap\occultation-manager\Reports\20251213_46854_1998_QY42_UCAC4_485_038369-Camilleri_M_Home.xlsx
Creating modified workbook...
Creating diagnostic dumps...
Template dump created: C:\Users\AstroPC\Documents\SharpCap\occultation-manager\Reports\DIAGNOSTIC_template_dump.txt
Output dump created: C:\Users\AstroPC\Documents\SharpCap\occultation-manager\Reports\DIAGNOSTIC_20251213_46854_1998_QY42_UCAC4_485_038369-Camilleri_M_Home_dump.txt
SUCCESS: Report generated: C:\Users\AstroPC\Documents\SharpCap\occultation-manager\Reports\20251213_46854_1998_QY42_UCAC4_485_038369-Camilleri_M_Home.xlsx
============================================================
Trans-Tasman Report generation started (String-based)
Template path: C:\Users\AstroPC\Git\occultation-tools\occultation-manager\python\RASNZ_AstReporttForm_V4.1.2.G_Template.xlsx
Template exists: True
Analyzing template for placeholders...
SharedStrings.xml size: 24637 bytes
Found 48 placeholders in SHARED STRINGS:
  {{APERTURE_UNITS}}
  {{APERTURE}}
  {{ASTEROID_NAME}}
  {{ASTEROID_NUMBER}}
  {{ASTEROID_VISIBLE}}
  {{CAMERA_DELAY_CORRECTION}}
  {{COMMENTS}}
  {{CORRECTIONS_APPLIED}}
  {{DETECTOR}}
  {{ELEVATION_DATUM}}
  {{ELEVATION_UNITS}}
  {{ELEVATION}}
  {{EVENT_DAY}}
  {{EVENT_MONTH}}
  {{EVENT_YEAR}}
  {{FOCAL_RATIO}}
  {{INTEGRATION_UNITS}}
  {{INTEGRATION}}
  {{LATITUDE_DIR}}
  {{LATITUDE_FORMAT}}
  {{LATITUDE}}
  {{LONGITUDE_DIR}}
  {{LONGITUDE_FORMAT}}
  {{LONGITUDE}}
  {{OBSERVATION_TYPE}}
  {{OBSERVER_ADDRESS}}
  {{OBSERVER_CITY_STATE_COUNTRY}}
  {{OBSERVER_EMAIL}}
  {{OBSERVER_FAX}}
  {{OBSERVER_NAME}}
  {{OBSERVER_PHONE}}
  {{OBSERVING_LOCATION}}
  {{PREDICTED_HOURS}}
  {{PREDICTED_MINUTES}}
  {{PREDICTED_SECONDS}}
  {{RIO_TNO_PREDICTION}}
  {{SECOND_STAR}}
  {{STARTED_OBSERVING_HOURS}}
  {{STAR_CATALOG}}
  {{STAR_NUMBER}}
  {{STOPPED_OBSERVING_HOURS}}
  {{TELESCOPE_TYPE}}
  {{TIMING_DEVICE}}
  {{TIMING_METHOD}}
  {{TIMING}}
  {{VIDEO_FORMAT}}
  {{VTI_CORRECTION}}
  {{WAS_MISS}}
Sheet1.xml size: 70664 bytes
Found 0 placeholders in SHEET XML:
Building replacements dictionary...
Built 46 replacements:
  {{APERTURE_UNITS}} = cm
  {{APERTURE}} = 23.5
  {{ASTEROID_NAME}} = 1998 QY42
  {{ASTEROID_NUMBER}} = 46854
  {{ASTEROID_VISIBLE}} = Yes
  {{COMMENTS}} = 
  {{CORRECTIONS_APPLIED}} = No
  {{DETECTOR}} = imx462mm
  {{ELEVATION_DATUM}} = WGS84
  {{ELEVATION_UNITS}} = m
  {{ELEVATION}} = 23.0
  {{EVENT_DAY}} = 13
  {{EVENT_MONTH}} = December
  {{EVENT_YEAR}} = 2025
  {{FOCAL_RATIO}} = 3.2999999999999998
  {{INTEGRATION_UNITS}} = Frames
  {{INTEGRATION}} = Exposure
  {{LATITUDE_DIR}} = S
  {{LATITUDE_FORMAT}} = deg.ddddd
  {{LATITUDE}} = 36.835560000000001
  {{LONGITUDE_DIR}} = E
  {{LONGITUDE_FORMAT}} = deg.ddddd
  {{LONGITUDE}} = 174.65780000000001
  {{OBSERVATION_TYPE}} = Positive
  {{OBSERVER_ADDRESS}} = 7/1 Piriti Drive, Te Atatu Peninsula
  {{OBSERVER_CITY_STATE_COUNTRY}} = Auckland, NZ
  {{OBSERVER_EMAIL}} = mcamilleri69@gmail.com
  {{OBSERVER_FAX}} = 
  {{OBSERVER_NAME}} = Michael Camilleri
  {{OBSERVER_PHONE}} = +64211840111
  {{OBSERVING_LOCATION}} = vvvv
  {{PREDICTED_HOURS}} = 10
  {{PREDICTED_MINUTES}} = 3
  {{PREDICTED_SECONDS}} = 42
  {{RIO_TNO_PREDICTION}} = No
  {{SECOND_STAR}} = No
  {{STARTED_OBSERVING_HOURS}} = 10
  {{STAR_CATALOG}} = UCAC4
  {{STAR_NUMBER}} = 485-038369
  {{STOPPED_OBSERVING_HOURS}} = 10
  {{TELESCOPE_TYPE}} = SCT including Cass and Mak
  {{TIMING_DEVICE}} = GPS PPS
  {{TIMING_METHOD}} = Video Recording
  {{TIMING}} = GPS - other linking
  {{VIDEO_FORMAT}} = Other
  {{WAS_MISS}} = No
Generating filename...
Output path: C:\Users\AstroPC\Documents\SharpCap\occultation-manager\Reports\20251213_46854_1998_QY42_UCAC4_485_038369-Camilleri_M_Home.xlsx
Creating modified workbook...
Creating diagnostic dumps...
Template dump created: C:\Users\AstroPC\Documents\SharpCap\occultation-manager\Reports\DIAGNOSTIC_template_dump.txt
Output dump created: C:\Users\AstroPC\Documents\SharpCap\occultation-manager\Reports\DIAGNOSTIC_20251213_46854_1998_QY42_UCAC4_485_038369-Camilleri_M_Home_dump.txt
SUCCESS: Report generated: C:\Users\AstroPC\Documents\SharpCap\occultation-manager\Reports\20251213_46854_1998_QY42_UCAC4_485_038369-Camilleri_M_Home.xlsx
============================================================
Trans-Tasman Report generation started (String-based)
Template path: C:\Users\AstroPC\Git\occultation-tools\occultation-manager\python\RASNZ_AstReporttForm_V4.1.2.G_Template.xlsx
Template exists: True
Analyzing template for placeholders...
SharedStrings.xml size: 24637 bytes
Found 48 placeholders in SHARED STRINGS:
  {{APERTURE_UNITS}}
  {{APERTURE}}
  {{ASTEROID_NAME}}
  {{ASTEROID_NUMBER}}
  {{ASTEROID_VISIBLE}}
  {{CAMERA_DELAY_CORRECTION}}
  {{COMMENTS}}
  {{CORRECTIONS_APPLIED}}
  {{DETECTOR}}
  {{ELEVATION_DATUM}}
  {{ELEVATION_UNITS}}
  {{ELEVATION}}
  {{EVENT_DAY}}
  {{EVENT_MONTH}}
  {{EVENT_YEAR}}
  {{FOCAL_RATIO}}
  {{INTEGRATION_UNITS}}
  {{INTEGRATION}}
  {{LATITUDE_DIR}}
  {{LATITUDE_FORMAT}}
  {{LATITUDE}}
  {{LONGITUDE_DIR}}
  {{LONGITUDE_FORMAT}}
  {{LONGITUDE}}
  {{OBSERVATION_TYPE}}
  {{OBSERVER_ADDRESS}}
  {{OBSERVER_CITY_STATE_COUNTRY}}
  {{OBSERVER_EMAIL}}
  {{OBSERVER_FAX}}
  {{OBSERVER_NAME}}
  {{OBSERVER_PHONE}}
  {{OBSERVING_LOCATION}}
  {{PREDICTED_HOURS}}
  {{PREDICTED_MINUTES}}
  {{PREDICTED_SECONDS}}
  {{RIO_TNO_PREDICTION}}
  {{SECOND_STAR}}
  {{STARTED_OBSERVING_HOURS}}
  {{STAR_CATALOG}}
  {{STAR_NUMBER}}
  {{STOPPED_OBSERVING_HOURS}}
  {{TELESCOPE_TYPE}}
  {{TIMING_DEVICE}}
  {{TIMING_METHOD}}
  {{TIMING}}
  {{VIDEO_FORMAT}}
  {{VTI_CORRECTION}}
  {{WAS_MISS}}
Sheet1.xml size: 70664 bytes
Found 0 placeholders in SHEET XML:
Building replacements dictionary...
Built 46 replacements:
  {{APERTURE_UNITS}} = cm
  {{APERTURE}} = 23.5
  {{ASTEROID_NAME}} = 1998 QY42
  {{ASTEROID_NUMBER}} = 46854
  {{ASTEROID_VISIBLE}} = Yes
  {{COMMENTS}} = 
  {{CORRECTIONS_APPLIED}} = No
  {{DETECTOR}} = imx462mm
  {{ELEVATION_DATUM}} = WGS84
  {{ELEVATION_UNITS}} = m
  {{ELEVATION}} = 23.0
  {{EVENT_DAY}} = 13
  {{EVENT_MONTH}} = December
  {{EVENT_YEAR}} = 2025
  {{FOCAL_RATIO}} = 3.2999999999999998
  {{INTEGRATION_UNITS}} = Frames
  {{INTEGRATION}} = Exposure
  {{LATITUDE_DIR}} = S
  {{LATITUDE_FORMAT}} = deg.ddddd
  {{LATITUDE}} = 36.835560000000001
  {{LONGITUDE_DIR}} = E
  {{LONGITUDE_FORMAT}} = deg.ddddd
  {{LONGITUDE}} = 174.65780000000001
  {{OBSERVATION_TYPE}} = Positive
  {{OBSERVER_ADDRESS}} = 7/1 Piriti Drive, Te Atatu Peninsula
  {{OBSERVER_CITY_STATE_COUNTRY}} = Auckland, NZ
  {{OBSERVER_EMAIL}} = mcamilleri69@gmail.com
  {{OBSERVER_FAX}} = 
  {{OBSERVER_NAME}} = Michael Camilleri
  {{OBSERVER_PHONE}} = +64211840111
  {{OBSERVING_LOCATION}} = cccc
  {{PREDICTED_HOURS}} = 10
  {{PREDICTED_MINUTES}} = 3
  {{PREDICTED_SECONDS}} = 42
  {{RIO_TNO_PREDICTION}} = No
  {{SECOND_STAR}} = No
  {{STARTED_OBSERVING_HOURS}} = 10
  {{STAR_CATALOG}} = UCAC4
  {{STAR_NUMBER}} = 485-038369
  {{STOPPED_OBSERVING_HOURS}} = 10
  {{TELESCOPE_TYPE}} = SCT including Cass and Mak
  {{TIMING_DEVICE}} = GPS PPS
  {{TIMING_METHOD}} = Video Recording
  {{TIMING}} = GPS - other linking
  {{VIDEO_FORMAT}} = Other
  {{WAS_MISS}} = No
Generating filename...
Output path: C:\Users\AstroPC\Documents\SharpCap\occultation-manager\Reports\20251213_46854_1998_QY42_UCAC4_485_038369-Camilleri_M_Home.xlsx
Creating modified workbook...
Creating diagnostic dumps...
Template dump created: C:\Users\AstroPC\Documents\SharpCap\occultation-manager\Reports\DIAGNOSTIC_template_dump.txt
Output dump created: C:\Users\AstroPC\Documents\SharpCap\occultation-manager\Reports\DIAGNOSTIC_20251213_46854_1998_QY42_UCAC4_485_038369-Camilleri_M_Home_dump.txt
SUCCESS: Report generated: C:\Users\AstroPC\Documents\SharpCap\occultation-manager\Reports\20251213_46854_1998_QY42_UCAC4_485_038369-Camilleri_M_Home.xlsx
============================================================
Trans-Tasman Report generation started (String-based)
Template path: C:\Users\AstroPC\Git\occultation-tools\occultation-manager\python\RASNZ_AstReporttForm_V4.1.2.G_Template.xlsx
Template exists: True
Analyzing template for placeholders...
SharedStrings.xml size: 24637 bytes
Found 48 placeholders in SHARED STRINGS:
  {{APERTURE_UNITS}}
  {{APERTURE}}
  {{ASTEROID_NAME}}
  {{ASTEROID_NUMBER}}
  {{ASTEROID_VISIBLE}}
  {{CAMERA_DELAY_CORRECTION}}
  {{COMMENTS}}
  {{CORRECTIONS_APPLIED}}
  {{DETECTOR}}
  {{ELEVATION_DATUM}}
  {{ELEVATION_UNITS}}
  {{ELEVATION}}
  {{EVENT_DAY}}
  {{EVENT_MONTH}}
  {{EVENT_YEAR}}
  {{FOCAL_RATIO}}
  {{INTEGRATION_UNITS}}
  {{INTEGRATION}}
  {{LATITUDE_DIR}}
  {{LATITUDE_FORMAT}}
  {{LATITUDE}}
  {{LONGITUDE_DIR}}
  {{LONGITUDE_FORMAT}}
  {{LONGITUDE}}
  {{OBSERVATION_TYPE}}
  {{OBSERVER_ADDRESS}}
  {{OBSERVER_CITY_STATE_COUNTRY}}
  {{OBSERVER_EMAIL}}
  {{OBSERVER_FAX}}
  {{OBSERVER_NAME}}
  {{OBSERVER_PHONE}}
  {{OBSERVING_LOCATION}}
  {{PREDICTED_HOURS}}
  {{PREDICTED_MINUTES}}
  {{PREDICTED_SECONDS}}
  {{RIO_TNO_PREDICTION}}
  {{SECOND_STAR}}
  {{STARTED_OBSERVING_HOURS}}
  {{STAR_CATALOG}}
  {{STAR_NUMBER}}
  {{STOPPED_OBSERVING_HOURS}}
  {{TELESCOPE_TYPE}}
  {{TIMING_DEVICE}}
  {{TIMING_METHOD}}
  {{TIMING}}
  {{VIDEO_FORMAT}}
  {{VTI_CORRECTION}}
  {{WAS_MISS}}
Sheet1.xml size: 70664 bytes
Found 0 placeholders in SHEET XML:
Building replacements dictionary...
Built 46 replacements:
  {{APERTURE_UNITS}} = cm
  {{APERTURE}} = 23.5
  {{ASTEROID_NAME}} = 1998 QY42
  {{ASTEROID_NUMBER}} = 46854
  {{ASTEROID_VISIBLE}} = Yes
  {{COMMENTS}} = 
  {{CORRECTIONS_APPLIED}} = No
  {{DETECTOR}} = imx462mm
  {{ELEVATION_DATUM}} = WGS84
  {{ELEVATION_UNITS}} = m
  {{ELEVATION}} = 23.0
  {{EVENT_DAY}} = 13
  {{EVENT_MONTH}} = December
  {{EVENT_YEAR}} = 2025
  {{FOCAL_RATIO}} = 3.2999999999999998
  {{INTEGRATION_UNITS}} = Frames
  {{INTEGRATION}} = Exposure
  {{LATITUDE_DIR}} = S
  {{LATITUDE_FORMAT}} = deg.ddddd
  {{LATITUDE}} = 36.835560000000001
  {{LONGITUDE_DIR}} = E
  {{LONGITUDE_FORMAT}} = deg.ddddd
  {{LONGITUDE}} = 174.65780000000001
  {{OBSERVATION_TYPE}} = Positive
  {{OBSERVER_ADDRESS}} = 7/1 Piriti Drive, Te Atatu Peninsula
  {{OBSERVER_CITY_STATE_COUNTRY}} = Auckland, NZ
  {{OBSERVER_EMAIL}} = mcamilleri69@gmail.com
  {{OBSERVER_FAX}} = 
  {{OBSERVER_NAME}} = Michael Camilleri
  {{OBSERVER_PHONE}} = +64211840111
  {{OBSERVING_LOCATION}} = bbbb
  {{PREDICTED_HOURS}} = 10
  {{PREDICTED_MINUTES}} = 3
  {{PREDICTED_SECONDS}} = 42
  {{RIO_TNO_PREDICTION}} = No
  {{SECOND_STAR}} = No
  {{STARTED_OBSERVING_HOURS}} = 10
  {{STAR_CATALOG}} = UCAC4
  {{STAR_NUMBER}} = 485-038369
  {{STOPPED_OBSERVING_HOURS}} = 10
  {{TELESCOPE_TYPE}} = SCT including Cass and Mak
  {{TIMING_DEVICE}} = GPS PPS
  {{TIMING_METHOD}} = Video Recording
  {{TIMING}} = GPS - other linking
  {{VIDEO_FORMAT}} = Other
  {{WAS_MISS}} = No
Generating filename...
Output path: C:\Users\AstroPC\Documents\SharpCap\occultation-manager\Reports\20251213_46854_1998_QY42_UCAC4_485_038369-Camilleri_M_Home.xlsx
Creating modified workbook...
Creating diagnostic dumps...
Template dump created: C:\Users\AstroPC\Documents\SharpCap\occultation-manager\Reports\DIAGNOSTIC_template_dump.txt
Output dump created: C:\Users\AstroPC\Documents\SharpCap\occultation-manager\Reports\DIAGNOSTIC_20251213_46854_1998_QY42_UCAC4_485_038369-Camilleri_M_Home_dump.txt
SUCCESS: Report generated: C:\Users\AstroPC\Documents\SharpCap\occultation-manager\Reports\20251213_46854_1998_QY42_UCAC4_485_038369-Camilleri_M_Home.xlsx
============================================================
Trans-Tasman Report generation started (String-based)
Template path: C:\Users\AstroPC\Git\occultation-tools\occultation-manager\python\RASNZ_AstReporttForm_V4.1.2.G_Template.xlsx
Template exists: True
Analyzing template for placeholders...
SharedStrings.xml size: 24637 bytes
Found 48 placeholders in SHARED STRINGS:
  {{APERTURE_UNITS}}
  {{APERTURE}}
  {{ASTEROID_NAME}}
  {{ASTEROID_NUMBER}}
  {{ASTEROID_VISIBLE}}
  {{CAMERA_DELAY_CORRECTION}}
  {{COMMENTS}}
  {{CORRECTIONS_APPLIED}}
  {{DETECTOR}}
  {{ELEVATION_DATUM}}
  {{ELEVATION_UNITS}}
  {{ELEVATION}}
  {{EVENT_DAY}}
  {{EVENT_MONTH}}
  {{EVENT_YEAR}}
  {{FOCAL_RATIO}}
  {{INTEGRATION_UNITS}}
  {{INTEGRATION}}
  {{LATITUDE_DIR}}
  {{LATITUDE_FORMAT}}
  {{LATITUDE}}
  {{LONGITUDE_DIR}}
  {{LONGITUDE_FORMAT}}
  {{LONGITUDE}}
  {{OBSERVATION_TYPE}}
  {{OBSERVER_ADDRESS}}
  {{OBSERVER_CITY_STATE_COUNTRY}}
  {{OBSERVER_EMAIL}}
  {{OBSERVER_FAX}}
  {{OBSERVER_NAME}}
  {{OBSERVER_PHONE}}
  {{OBSERVING_LOCATION}}
  {{PREDICTED_HOURS}}
  {{PREDICTED_MINUTES}}
  {{PREDICTED_SECONDS}}
  {{RIO_TNO_PREDICTION}}
  {{SECOND_STAR}}
  {{STARTED_OBSERVING_HOURS}}
  {{STAR_CATALOG}}
  {{STAR_NUMBER}}
  {{STOPPED_OBSERVING_HOURS}}
  {{TELESCOPE_TYPE}}
  {{TIMING_DEVICE}}
  {{TIMING_METHOD}}
  {{TIMING}}
  {{VIDEO_FORMAT}}
  {{VTI_CORRECTION}}
  {{WAS_MISS}}
Sheet1.xml size: 70664 bytes
Found 0 placeholders in SHEET XML:
Building replacements dictionary...
Built 46 replacements:
  {{APERTURE_UNITS}} = cm
  {{APERTURE}} = 23.5
  {{ASTEROID_NAME}} = 1998 QY42
  {{ASTEROID_NUMBER}} = 46854
  {{ASTEROID_VISIBLE}} = Yes
  {{COMMENTS}} = 
  {{CORRECTIONS_APPLIED}} = No
  {{DETECTOR}} = imx462mm
  {{ELEVATION_DATUM}} = WGS84
  {{ELEVATION_UNITS}} = m
  {{ELEVATION}} = 23.0
  {{EVENT_DAY}} = 13
  {{EVENT_MONTH}} = December
  {{EVENT_YEAR}} = 2025
  {{FOCAL_RATIO}} = 3.2999999999999998
  {{INTEGRATION_UNITS}} = Frames
  {{INTEGRATION}} = Exposure
  {{LATITUDE_DIR}} = S
  {{LATITUDE_FORMAT}} = deg.ddddd
  {{LATITUDE}} = 36.835560000000001
  {{LONGITUDE_DIR}} = E
  {{LONGITUDE_FORMAT}} = deg.ddddd
  {{LONGITUDE}} = 174.65780000000001
  {{OBSERVATION_TYPE}} = Positive
  {{OBSERVER_ADDRESS}} = 7/1 Piriti Drive, Te Atatu Peninsula
  {{OBSERVER_CITY_STATE_COUNTRY}} = Auckland, NZ
  {{OBSERVER_EMAIL}} = mcamilleri69@gmail.com
  {{OBSERVER_FAX}} = 
  {{OBSERVER_NAME}} = Michael Camilleri
  {{OBSERVER_PHONE}} = +64211840111
  {{OBSERVING_LOCATION}} = vvvv
  {{PREDICTED_HOURS}} = 10
  {{PREDICTED_MINUTES}} = 3
  {{PREDICTED_SECONDS}} = 42
  {{RIO_TNO_PREDICTION}} = No
  {{SECOND_STAR}} = No
  {{STARTED_OBSERVING_HOURS}} = 10
  {{STAR_CATALOG}} = UCAC4
  {{STAR_NUMBER}} = 485-038369
  {{STOPPED_OBSERVING_HOURS}} = 10
  {{TELESCOPE_TYPE}} = SCT including Cass and Mak
  {{TIMING_DEVICE}} = GPS PPS
  {{TIMING_METHOD}} = Video Recording
  {{TIMING}} = GPS - other linking
  {{VIDEO_FORMAT}} = Other
  {{WAS_MISS}} = No
Generating filename...
Output path: C:\Users\AstroPC\Documents\SharpCap\occultation-manager\Reports\20251213_46854_1998_QY42_UCAC4_485_038369-Camilleri_M_Home.xlsx
Creating modified workbook...
Creating diagnostic dumps...
Template dump created: C:\Users\AstroPC\Documents\SharpCap\occultation-manager\Reports\DIAGNOSTIC_template_dump.txt
Output dump created: C:\Users\AstroPC\Documents\SharpCap\occultation-manager\Reports\DIAGNOSTIC_20251213_46854_1998_QY42_UCAC4_485_038369-Camilleri_M_Home_dump.txt
SUCCESS: Report generated: C:\Users\AstroPC\Documents\SharpCap\occultation-manager\Reports\20251213_46854_1998_QY42_UCAC4_485_038369-Camilleri_M_Home.xlsx
============================================================
Trans-Tasman Report generation started (String-based)
CODE VERSION: 2024-12-24 v2 - With rounding and empty placeholder handling
Template path: C:\Users\AstroPC\Git\occultation-tools\occultation-manager\python\RASNZ_AstReporttForm_V4.1.2.G_Template.xlsx
Template exists: True
Analyzing template for placeholders...
SharedStrings.xml size: 24637 bytes
Found 48 placeholders in SHARED STRINGS:
  {{APERTURE_UNITS}}
  {{APERTURE}}
  {{ASTEROID_NAME}}
  {{ASTEROID_NUMBER}}
  {{ASTEROID_VISIBLE}}
  {{CAMERA_DELAY_CORRECTION}}
  {{COMMENTS}}
  {{CORRECTIONS_APPLIED}}
  {{DETECTOR}}
  {{ELEVATION_DATUM}}
  {{ELEVATION_UNITS}}
  {{ELEVATION}}
  {{EVENT_DAY}}
  {{EVENT_MONTH}}
  {{EVENT_YEAR}}
  {{FOCAL_RATIO}}
  {{INTEGRATION_UNITS}}
  {{INTEGRATION}}
  {{LATITUDE_DIR}}
  {{LATITUDE_FORMAT}}
  {{LATITUDE}}
  {{LONGITUDE_DIR}}
  {{LONGITUDE_FORMAT}}
  {{LONGITUDE}}
  {{OBSERVATION_TYPE}}
  {{OBSERVER_ADDRESS}}
  {{OBSERVER_CITY_STATE_COUNTRY}}
  {{OBSERVER_EMAIL}}
  {{OBSERVER_FAX}}
  {{OBSERVER_NAME}}
  {{OBSERVER_PHONE}}
  {{OBSERVING_LOCATION}}
  {{PREDICTED_HOURS}}
  {{PREDICTED_MINUTES}}
  {{PREDICTED_SECONDS}}
  {{RIO_TNO_PREDICTION}}
  {{SECOND_STAR}}
  {{STARTED_OBSERVING_HOURS}}
  {{STAR_CATALOG}}
  {{STAR_NUMBER}}
  {{STOPPED_OBSERVING_HOURS}}
  {{TELESCOPE_TYPE}}
  {{TIMING_DEVICE}}
  {{TIMING_METHOD}}
  {{TIMING}}
  {{VIDEO_FORMAT}}
  {{VTI_CORRECTION}}
  {{WAS_MISS}}
Sheet1.xml size: 70664 bytes
Found 0 placeholders in SHEET XML:
Building replacements dictionary...
Built 46 replacements:
  {{APERTURE_UNITS}} = cm
  {{APERTURE}} = 23.5
  {{ASTEROID_NAME}} = 1998 QY42
  {{ASTEROID_NUMBER}} = 46854
  {{ASTEROID_VISIBLE}} = Yes
  {{COMMENTS}} = 
  {{CORRECTIONS_APPLIED}} = No
  {{DETECTOR}} = imx462mm
  {{ELEVATION_DATUM}} = WGS84
  {{ELEVATION_UNITS}} = m
  {{ELEVATION}} = 23.0
  {{EVENT_DAY}} = 13
  {{EVENT_MONTH}} = December
  {{EVENT_YEAR}} = 2025
  {{FOCAL_RATIO}} = 3.2999999999999998
  {{INTEGRATION_UNITS}} = Frames
  {{INTEGRATION}} = Exposure
  {{LATITUDE_DIR}} = S
  {{LATITUDE_FORMAT}} = deg.ddddd
  {{LATITUDE}} = 36.835560000000001
  {{LONGITUDE_DIR}} = E
  {{LONGITUDE_FORMAT}} = deg.ddddd
  {{LONGITUDE}} = 174.65780000000001
  {{OBSERVATION_TYPE}} = Positive
  {{OBSERVER_ADDRESS}} = 7/1 Piriti Drive, Te Atatu Peninsula
  {{OBSERVER_CITY_STATE_COUNTRY}} = Auckland, NZ
  {{OBSERVER_EMAIL}} = mcamilleri69@gmail.com
  {{OBSERVER_FAX}} = 
  {{OBSERVER_NAME}} = Michael Camilleri
  {{OBSERVER_PHONE}} = +64211840111
  {{OBSERVING_LOCATION}} = bbbb
  {{PREDICTED_HOURS}} = 10
  {{PREDICTED_MINUTES}} = 3
  {{PREDICTED_SECONDS}} = 42
  {{RIO_TNO_PREDICTION}} = No
  {{SECOND_STAR}} = No
  {{STARTED_OBSERVING_HOURS}} = 10
  {{STAR_CATALOG}} = UCAC4
  {{STAR_NUMBER}} = 485-038369
  {{STOPPED_OBSERVING_HOURS}} = 10
  {{TELESCOPE_TYPE}} = SCT including Cass and Mak
  {{TIMING_DEVICE}} = GPS PPS
  {{TIMING_METHOD}} = Video Recording
  {{TIMING}} = GPS - other linking
  {{VIDEO_FORMAT}} = Other
  {{WAS_MISS}} = No
Generating filename...
Output path: C:\Users\AstroPC\Documents\SharpCap\occultation-manager\Reports\20251213_46854_1998_QY42_UCAC4_485_038369-Camilleri_M_Home.xlsx
Creating modified workbook...
ERROR generating report: [WinError 32] The process cannot access the file because it is being used by another process
Full traceback:
Traceback (most recent call last):
  File "C:\Users\AstroPC\Git\occultation-tools\occultation-manager\python\tt_report.py", line 112, in generate_report
    self._create_report_with_replacements(template_path, output_path, replacements)
  File "C:\Users\AstroPC\Git\occultation-tools\occultation-manager\python\tt_report.py", line 528, in _create_report_with_replacements
    os.remove(output_path)
PermissionError: [WinError 32] The process cannot access the file because it is being used by another process

============================================================
Trans-Tasman Report generation started (String-based)
CODE VERSION: 2024-12-24 v2 - With rounding and empty placeholder handling
Template path: C:\Users\AstroPC\Git\occultation-tools\occultation-manager\python\RASNZ_AstReporttForm_V4.1.2.G_Template.xlsx
Template exists: True
Analyzing template for placeholders...
SharedStrings.xml size: 24637 bytes
Found 48 placeholders in SHARED STRINGS:
  {{APERTURE_UNITS}}
  {{APERTURE}}
  {{ASTEROID_NAME}}
  {{ASTEROID_NUMBER}}
  {{ASTEROID_VISIBLE}}
  {{CAMERA_DELAY_CORRECTION}}
  {{COMMENTS}}
  {{CORRECTIONS_APPLIED}}
  {{DETECTOR}}
  {{ELEVATION_DATUM}}
  {{ELEVATION_UNITS}}
  {{ELEVATION}}
  {{EVENT_DAY}}
  {{EVENT_MONTH}}
  {{EVENT_YEAR}}
  {{FOCAL_RATIO}}
  {{INTEGRATION_UNITS}}
  {{INTEGRATION}}
  {{LATITUDE_DIR}}
  {{LATITUDE_FORMAT}}
  {{LATITUDE}}
  {{LONGITUDE_DIR}}
  {{LONGITUDE_FORMAT}}
  {{LONGITUDE}}
  {{OBSERVATION_TYPE}}
  {{OBSERVER_ADDRESS}}
  {{OBSERVER_CITY_STATE_COUNTRY}}
  {{OBSERVER_EMAIL}}
  {{OBSERVER_FAX}}
  {{OBSERVER_NAME}}
  {{OBSERVER_PHONE}}
  {{OBSERVING_LOCATION}}
  {{PREDICTED_HOURS}}
  {{PREDICTED_MINUTES}}
  {{PREDICTED_SECONDS}}
  {{RIO_TNO_PREDICTION}}
  {{SECOND_STAR}}
  {{STARTED_OBSERVING_HOURS}}
  {{STAR_CATALOG}}
  {{STAR_NUMBER}}
  {{STOPPED_OBSERVING_HOURS}}
  {{TELESCOPE_TYPE}}
  {{TIMING_DEVICE}}
  {{TIMING_METHOD}}
  {{TIMING}}
  {{VIDEO_FORMAT}}
  {{VTI_CORRECTION}}
  {{WAS_MISS}}
Sheet1.xml size: 70664 bytes
Found 0 placeholders in SHEET XML:
Building replacements dictionary...
Built 46 replacements:
  {{APERTURE_UNITS}} = cm
  {{APERTURE}} = 23.5
  {{ASTEROID_NAME}} = 1998 QY42
  {{ASTEROID_NUMBER}} = 46854
  {{ASTEROID_VISIBLE}} = Yes
  {{COMMENTS}} = 
  {{CORRECTIONS_APPLIED}} = No
  {{DETECTOR}} = imx462mm
  {{ELEVATION_DATUM}} = WGS84
  {{ELEVATION_UNITS}} = m
  {{ELEVATION}} = 23.0
  {{EVENT_DAY}} = 13
  {{EVENT_MONTH}} = December
  {{EVENT_YEAR}} = 2025
  {{FOCAL_RATIO}} = 3.2999999999999998
  {{INTEGRATION_UNITS}} = Frames
  {{INTEGRATION}} = Exposure
  {{LATITUDE_DIR}} = S
  {{LATITUDE_FORMAT}} = deg.ddddd
  {{LATITUDE}} = 36.835560000000001
  {{LONGITUDE_DIR}} = E
  {{LONGITUDE_FORMAT}} = deg.ddddd
  {{LONGITUDE}} = 174.65780000000001
  {{OBSERVATION_TYPE}} = Positive
  {{OBSERVER_ADDRESS}} = 7/1 Piriti Drive, Te Atatu Peninsula
  {{OBSERVER_CITY_STATE_COUNTRY}} = Auckland, NZ
  {{OBSERVER_EMAIL}} = mcamilleri69@gmail.com
  {{OBSERVER_FAX}} = 
  {{OBSERVER_NAME}} = Michael Camilleri
  {{OBSERVER_PHONE}} = +64211840111
  {{OBSERVING_LOCATION}} = rrrr
  {{PREDICTED_HOURS}} = 10
  {{PREDICTED_MINUTES}} = 3
  {{PREDICTED_SECONDS}} = 42
  {{RIO_TNO_PREDICTION}} = No
  {{SECOND_STAR}} = No
  {{STARTED_OBSERVING_HOURS}} = 10
  {{STAR_CATALOG}} = UCAC4
  {{STAR_NUMBER}} = 485-038369
  {{STOPPED_OBSERVING_HOURS}} = 10
  {{TELESCOPE_TYPE}} = SCT including Cass and Mak
  {{TIMING_DEVICE}} = GPS PPS
  {{TIMING_METHOD}} = Video Recording
  {{TIMING}} = GPS - other linking
  {{VIDEO_FORMAT}} = Other
  {{WAS_MISS}} = No
Generating filename...
Output path: C:\Users\AstroPC\Documents\SharpCap\occultation-manager\Reports\20251213_46854_1998_QY42_UCAC4_485_038369-Camilleri_M_Home.xlsx
Creating modified workbook...
Creating diagnostic dumps...
Template dump created: C:\Users\AstroPC\Documents\SharpCap\occultation-manager\Reports\DIAGNOSTIC_template_dump.txt
Output dump created: C:\Users\AstroPC\Documents\SharpCap\occultation-manager\Reports\DIAGNOSTIC_20251213_46854_1998_QY42_UCAC4_485_038369-Camilleri_M_Home_dump.txt
SUCCESS: Report generated: C:\Users\AstroPC\Documents\SharpCap\occultation-manager\Reports\20251213_46854_1998_QY42_UCAC4_485_038369-Camilleri_M_Home.xlsx
============================================================
Trans-Tasman Report generation started (String-based)
CODE VERSION: 2024-12-24 v2 - With rounding and empty placeholder handling
Template path: C:\Users\AstroPC\Git\occultation-tools\occultation-manager\python\RASNZ_AstReporttForm_V4.1.2.G_Template.xlsx
Template exists: True
Analyzing template for placeholders...
SharedStrings.xml size: 24637 bytes
Found 48 placeholders in SHARED STRINGS:
  {{APERTURE_UNITS}}
  {{APERTURE}}
  {{ASTEROID_NAME}}
  {{ASTEROID_NUMBER}}
  {{ASTEROID_VISIBLE}}
  {{CAMERA_DELAY_CORRECTION}}
  {{COMMENTS}}
  {{CORRECTIONS_APPLIED}}
  {{DETECTOR}}
  {{ELEVATION_DATUM}}
  {{ELEVATION_UNITS}}
  {{ELEVATION}}
  {{EVENT_DAY}}
  {{EVENT_MONTH}}
  {{EVENT_YEAR}}
  {{FOCAL_RATIO}}
  {{INTEGRATION_UNITS}}
  {{INTEGRATION}}
  {{LATITUDE_DIR}}
  {{LATITUDE_FORMAT}}
  {{LATITUDE}}
  {{LONGITUDE_DIR}}
  {{LONGITUDE_FORMAT}}
  {{LONGITUDE}}
  {{OBSERVATION_TYPE}}
  {{OBSERVER_ADDRESS}}
  {{OBSERVER_CITY_STATE_COUNTRY}}
  {{OBSERVER_EMAIL}}
  {{OBSERVER_FAX}}
  {{OBSERVER_NAME}}
  {{OBSERVER_PHONE}}
  {{OBSERVING_LOCATION}}
  {{PREDICTED_HOURS}}
  {{PREDICTED_MINUTES}}
  {{PREDICTED_SECONDS}}
  {{RIO_TNO_PREDICTION}}
  {{SECOND_STAR}}
  {{STARTED_OBSERVING_HOURS}}
  {{STAR_CATALOG}}
  {{STAR_NUMBER}}
  {{STOPPED_OBSERVING_HOURS}}
  {{TELESCOPE_TYPE}}
  {{TIMING_DEVICE}}
  {{TIMING_METHOD}}
  {{TIMING}}
  {{VIDEO_FORMAT}}
  {{VTI_CORRECTION}}
  {{WAS_MISS}}
Sheet1.xml size: 70664 bytes
Found 0 placeholders in SHEET XML:
Building replacements dictionary...
Built 46 replacements:
  {{APERTURE_UNITS}} = cm
  {{APERTURE}} = 23.5
  {{ASTEROID_NAME}} = 1998 QY42
  {{ASTEROID_NUMBER}} = 46854
  {{ASTEROID_VISIBLE}} = Yes
  {{COMMENTS}} = 
  {{CORRECTIONS_APPLIED}} = No
  {{DETECTOR}} = imx462mm
  {{ELEVATION_DATUM}} = WGS84
  {{ELEVATION_UNITS}} = m
  {{ELEVATION}} = 23.0
  {{EVENT_DAY}} = 13
  {{EVENT_MONTH}} = December
  {{EVENT_YEAR}} = 2025
  {{FOCAL_RATIO}} = 3.2999999999999998
  {{INTEGRATION_UNITS}} = Frames
  {{INTEGRATION}} = Exposure
  {{LATITUDE_DIR}} = S
  {{LATITUDE_FORMAT}} = deg.ddddd
  {{LATITUDE}} = 36.835560000000001
  {{LONGITUDE_DIR}} = E
  {{LONGITUDE_FORMAT}} = deg.ddddd
  {{LONGITUDE}} = 174.65780000000001
  {{OBSERVATION_TYPE}} = Positive
  {{OBSERVER_ADDRESS}} = 7/1 Piriti Drive, Te Atatu Peninsula
  {{OBSERVER_CITY_STATE_COUNTRY}} = Auckland, NZ
  {{OBSERVER_EMAIL}} = mcamilleri69@gmail.com
  {{OBSERVER_FAX}} = 
  {{OBSERVER_NAME}} = Michael Camilleri
  {{OBSERVER_PHONE}} = +64211840111
  {{OBSERVING_LOCATION}} = bbbb
  {{PREDICTED_HOURS}} = 10
  {{PREDICTED_MINUTES}} = 3
  {{PREDICTED_SECONDS}} = 42
  {{RIO_TNO_PREDICTION}} = No
  {{SECOND_STAR}} = No
  {{STARTED_OBSERVING_HOURS}} = 10
  {{STAR_CATALOG}} = UCAC4
  {{STAR_NUMBER}} = 485-038369
  {{STOPPED_OBSERVING_HOURS}} = 10
  {{TELESCOPE_TYPE}} = SCT including Cass and Mak
  {{TIMING_DEVICE}} = GPS PPS
  {{TIMING_METHOD}} = Video Recording
  {{TIMING}} = GPS - other linking
  {{VIDEO_FORMAT}} = Other
  {{WAS_MISS}} = No
Generating filename...
Output path: C:\Users\AstroPC\Documents\SharpCap\occultation-manager\Reports\20251213_46854_1998_QY42_UCAC4_485_038369-Camilleri_M_Home.xlsx
Creating modified workbook...
Creating diagnostic dumps...
Template dump created: C:\Users\AstroPC\Documents\SharpCap\occultation-manager\Reports\DIAGNOSTIC_template_dump.txt
Output dump created: C:\Users\AstroPC\Documents\SharpCap\occultation-manager\Reports\DIAGNOSTIC_20251213_46854_1998_QY42_UCAC4_485_038369-Camilleri_M_Home_dump.txt
SUCCESS: Report generated: C:\Users\AstroPC\Documents\SharpCap\occultation-manager\Reports\20251213_46854_1998_QY42_UCAC4_485_038369-Camilleri_M_Home.xlsx
============================================================
Trans-Tasman Report generation started (String-based)
CODE VERSION: 2024-12-24 v2 - With rounding and empty placeholder handling
Template path: C:\Users\AstroPC\Git\occultation-tools\occultation-manager\python\RASNZ_AstReporttForm_V4.1.2.G_Template.xlsx
Template exists: True
Analyzing template for placeholders...
SharedStrings.xml size: 24637 bytes
Found 48 placeholders in SHARED STRINGS:
  {{APERTURE_UNITS}}
  {{APERTURE}}
  {{ASTEROID_NAME}}
  {{ASTEROID_NUMBER}}
  {{ASTEROID_VISIBLE}}
  {{CAMERA_DELAY_CORRECTION}}
  {{COMMENTS}}
  {{CORRECTIONS_APPLIED}}
  {{DETECTOR}}
  {{ELEVATION_DATUM}}
  {{ELEVATION_UNITS}}
  {{ELEVATION}}
  {{EVENT_DAY}}
  {{EVENT_MONTH}}
  {{EVENT_YEAR}}
  {{FOCAL_RATIO}}
  {{INTEGRATION_UNITS}}
  {{INTEGRATION}}
  {{LATITUDE_DIR}}
  {{LATITUDE_FORMAT}}
  {{LATITUDE}}
  {{LONGITUDE_DIR}}
  {{LONGITUDE_FORMAT}}
  {{LONGITUDE}}
  {{OBSERVATION_TYPE}}
  {{OBSERVER_ADDRESS}}
  {{OBSERVER_CITY_STATE_COUNTRY}}
  {{OBSERVER_EMAIL}}
  {{OBSERVER_FAX}}
  {{OBSERVER_NAME}}
  {{OBSERVER_PHONE}}
  {{OBSERVING_LOCATION}}
  {{PREDICTED_HOURS}}
  {{PREDICTED_MINUTES}}
  {{PREDICTED_SECONDS}}
  {{RIO_TNO_PREDICTION}}
  {{SECOND_STAR}}
  {{STARTED_OBSERVING_HOURS}}
  {{STAR_CATALOG}}
  {{STAR_NUMBER}}
  {{STOPPED_OBSERVING_HOURS}}
  {{TELESCOPE_TYPE}}
  {{TIMING_DEVICE}}
  {{TIMING_METHOD}}
  {{TIMING}}
  {{VIDEO_FORMAT}}
  {{VTI_CORRECTION}}
  {{WAS_MISS}}
Sheet1.xml size: 70664 bytes
Found 0 placeholders in SHEET XML:
Building replacements dictionary...
Built 46 replacements:
  {{APERTURE_UNITS}} = cm
  {{APERTURE}} = 23.5
  {{ASTEROID_NAME}} = 1998 QY42
  {{ASTEROID_NUMBER}} = 46854
  {{ASTEROID_VISIBLE}} = Yes
  {{COMMENTS}} = 
  {{CORRECTIONS_APPLIED}} = No
  {{DETECTOR}} = imx462mm
  {{ELEVATION_DATUM}} = WGS84
  {{ELEVATION_UNITS}} = m
  {{ELEVATION}} = 22.0
  {{EVENT_DAY}} = 13
  {{EVENT_MONTH}} = December
  {{EVENT_YEAR}} = 2025
  {{FOCAL_RATIO}} = 3.2999999999999998
  {{INTEGRATION_UNITS}} = Frames
  {{INTEGRATION}} = Exposure
  {{LATITUDE_DIR}} = S
  {{LATITUDE_FORMAT}} = deg.ddddd
  {{LATITUDE}} = 36.835560000000001
  {{LONGITUDE_DIR}} = E
  {{LONGITUDE_FORMAT}} = deg.ddddd
  {{LONGITUDE}} = 174.65780000000001
  {{OBSERVATION_TYPE}} = Positive
  {{OBSERVER_ADDRESS}} = 7/1 Piriti Drive, Te Atatu Peninsula
  {{OBSERVER_CITY_STATE_COUNTRY}} = Auckland, NZ
  {{OBSERVER_EMAIL}} = mcamilleri69@gmail.com
  {{OBSERVER_FAX}} = 
  {{OBSERVER_NAME}} = Michael Camilleri
  {{OBSERVER_PHONE}} = +64211840111
  {{OBSERVING_LOCATION}} = bbbb
  {{PREDICTED_HOURS}} = 10
  {{PREDICTED_MINUTES}} = 3
  {{PREDICTED_SECONDS}} = 42
  {{RIO_TNO_PREDICTION}} = No
  {{SECOND_STAR}} = No
  {{STARTED_OBSERVING_HOURS}} = 10
  {{STAR_CATALOG}} = UCAC4
  {{STAR_NUMBER}} = 485-038369
  {{STOPPED_OBSERVING_HOURS}} = 10
  {{TELESCOPE_TYPE}} = SCT including Cass and Mak
  {{TIMING_DEVICE}} = GPS PPS
  {{TIMING_METHOD}} = Video Recording
  {{TIMING}} = GPS - other linking
  {{VIDEO_FORMAT}} = Other
  {{WAS_MISS}} = No
Generating filename...
Output path: C:\Users\AstroPC\Documents\SharpCap\occultation-manager\Reports\20251213_46854_1998_QY42_UCAC4_485_038369-Camilleri_M_Home.xlsx
Creating modified workbook...
ERROR generating report: [WinError 32] The process cannot access the file because it is being used by another process
Full traceback:
Traceback (most recent call last):
  File "C:\Users\AstroPC\Git\occultation-tools\occultation-manager\python\tt_report.py", line 116, in generate_report
    self._create_report_with_replacements(template_path, output_path, replacements)
  File "C:\Users\AstroPC\Git\occultation-tools\occultation-manager\python\tt_report.py", line 532, in _create_report_with_replacements
    os.remove(output_path)
PermissionError: [WinError 32] The process cannot access the file because it is being used by another process

============================================================
Trans-Tasman Report generation started (String-based)
CODE VERSION: 2024-12-24 v2 - With rounding and empty placeholder handling
Template path: C:\Users\AstroPC\Git\occultation-tools\occultation-manager\python\RASNZ_AstReporttForm_V4.1.2.G_Template.xlsx
Template exists: True
Analyzing template for placeholders...
SharedStrings.xml size: 24637 bytes
Found 48 placeholders in SHARED STRINGS:
  {{APERTURE_UNITS}}
  {{APERTURE}}
  {{ASTEROID_NAME}}
  {{ASTEROID_NUMBER}}
  {{ASTEROID_VISIBLE}}
  {{CAMERA_DELAY_CORRECTION}}
  {{COMMENTS}}
  {{CORRECTIONS_APPLIED}}
  {{DETECTOR}}
  {{ELEVATION_DATUM}}
  {{ELEVATION_UNITS}}
  {{ELEVATION}}
  {{EVENT_DAY}}
  {{EVENT_MONTH}}
  {{EVENT_YEAR}}
  {{FOCAL_RATIO}}
  {{INTEGRATION_UNITS}}
  {{INTEGRATION}}
  {{LATITUDE_DIR}}
  {{LATITUDE_FORMAT}}
  {{LATITUDE}}
  {{LONGITUDE_DIR}}
  {{LONGITUDE_FORMAT}}
  {{LONGITUDE}}
  {{OBSERVATION_TYPE}}
  {{OBSERVER_ADDRESS}}
  {{OBSERVER_CITY_STATE_COUNTRY}}
  {{OBSERVER_EMAIL}}
  {{OBSERVER_FAX}}
  {{OBSERVER_NAME}}
  {{OBSERVER_PHONE}}
  {{OBSERVING_LOCATION}}
  {{PREDICTED_HOURS}}
  {{PREDICTED_MINUTES}}
  {{PREDICTED_SECONDS}}
  {{RIO_TNO_PREDICTION}}
  {{SECOND_STAR}}
  {{STARTED_OBSERVING_HOURS}}
  {{STAR_CATALOG}}
  {{STAR_NUMBER}}
  {{STOPPED_OBSERVING_HOURS}}
  {{TELESCOPE_TYPE}}
  {{TIMING_DEVICE}}
  {{TIMING_METHOD}}
  {{TIMING}}
  {{VIDEO_FORMAT}}
  {{VTI_CORRECTION}}
  {{WAS_MISS}}
Sheet1.xml size: 70664 bytes
Found 0 placeholders in SHEET XML:
Building replacements dictionary...
Built 46 replacements:
  {{APERTURE_UNITS}} = cm
  {{APERTURE}} = 23.5
  {{ASTEROID_NAME}} = 1998 QY42
  {{ASTEROID_NUMBER}} = 46854
  {{ASTEROID_VISIBLE}} = Yes
  {{COMMENTS}} = 
  {{CORRECTIONS_APPLIED}} = No
  {{DETECTOR}} = imx462mm
  {{ELEVATION_DATUM}} = WGS84
  {{ELEVATION_UNITS}} = m
  {{ELEVATION}} = 22.0
  {{EVENT_DAY}} = 13
  {{EVENT_MONTH}} = December
  {{EVENT_YEAR}} = 2025
  {{FOCAL_RATIO}} = 3.2999999999999998
  {{INTEGRATION_UNITS}} = Frames
  {{INTEGRATION}} = Exposure
  {{LATITUDE_DIR}} = S
  {{LATITUDE_FORMAT}} = deg.ddddd
  {{LATITUDE}} = 36.835560000000001
  {{LONGITUDE_DIR}} = E
  {{LONGITUDE_FORMAT}} = deg.ddddd
  {{LONGITUDE}} = 174.65780000000001
  {{OBSERVATION_TYPE}} = Positive
  {{OBSERVER_ADDRESS}} = 7/1 Piriti Drive, Te Atatu Peninsula
  {{OBSERVER_CITY_STATE_COUNTRY}} = Auckland, NZ
  {{OBSERVER_EMAIL}} = mcamilleri69@gmail.com
  {{OBSERVER_FAX}} = 
  {{OBSERVER_NAME}} = Michael Camilleri
  {{OBSERVER_PHONE}} = +64211840111
  {{OBSERVING_LOCATION}} = bbbb
  {{PREDICTED_HOURS}} = 10
  {{PREDICTED_MINUTES}} = 3
  {{PREDICTED_SECONDS}} = 42
  {{RIO_TNO_PREDICTION}} = No
  {{SECOND_STAR}} = No
  {{STARTED_OBSERVING_HOURS}} = 10
  {{STAR_CATALOG}} = UCAC4
  {{STAR_NUMBER}} = 485-038369
  {{STOPPED_OBSERVING_HOURS}} = 10
  {{TELESCOPE_TYPE}} = SCT including Cass and Mak
  {{TIMING_DEVICE}} = GPS PPS
  {{TIMING_METHOD}} = Video Recording
  {{TIMING}} = GPS - other linking
  {{VIDEO_FORMAT}} = Other
  {{WAS_MISS}} = No
Generating filename...
Output path: C:\Users\AstroPC\Documents\SharpCap\occultation-manager\Reports\20251213_46854_1998_QY42_UCAC4_485_038369-Camilleri_M_Home.xlsx
Creating modified workbook...
ERROR generating report: [WinError 32] The process cannot access the file because it is being used by another process
Full traceback:
Traceback (most recent call last):
  File "C:\Users\AstroPC\Git\occultation-tools\occultation-manager\python\tt_report.py", line 116, in generate_report
    self._create_report_with_replacements(template_path, output_path, replacements)
  File "C:\Users\AstroPC\Git\occultation-tools\occultation-manager\python\tt_report.py", line 541, in _create_report_with_replacements
    os.remove(output_path)
PermissionError: [WinError 32] The process cannot access the file because it is being used by another process

============================================================
Trans-Tasman Report generation started (String-based)
CODE VERSION: 2024-12-24 v2 - With rounding and empty placeholder handling
Template path: C:\Users\AstroPC\Git\occultation-tools\occultation-manager\python\RASNZ_AstReporttForm_V4.1.2.G_Template.xlsx
Template exists: True
Analyzing template for placeholders...
SharedStrings.xml size: 24637 bytes
Found 48 placeholders in SHARED STRINGS:
  {{APERTURE_UNITS}}
  {{APERTURE}}
  {{ASTEROID_NAME}}
  {{ASTEROID_NUMBER}}
  {{ASTEROID_VISIBLE}}
  {{CAMERA_DELAY_CORRECTION}}
  {{COMMENTS}}
  {{CORRECTIONS_APPLIED}}
  {{DETECTOR}}
  {{ELEVATION_DATUM}}
  {{ELEVATION_UNITS}}
  {{ELEVATION}}
  {{EVENT_DAY}}
  {{EVENT_MONTH}}
  {{EVENT_YEAR}}
  {{FOCAL_RATIO}}
  {{INTEGRATION_UNITS}}
  {{INTEGRATION}}
  {{LATITUDE_DIR}}
  {{LATITUDE_FORMAT}}
  {{LATITUDE}}
  {{LONGITUDE_DIR}}
  {{LONGITUDE_FORMAT}}
  {{LONGITUDE}}
  {{OBSERVATION_TYPE}}
  {{OBSERVER_ADDRESS}}
  {{OBSERVER_CITY_STATE_COUNTRY}}
  {{OBSERVER_EMAIL}}
  {{OBSERVER_FAX}}
  {{OBSERVER_NAME}}
  {{OBSERVER_PHONE}}
  {{OBSERVING_LOCATION}}
  {{PREDICTED_HOURS}}
  {{PREDICTED_MINUTES}}
  {{PREDICTED_SECONDS}}
  {{RIO_TNO_PREDICTION}}
  {{SECOND_STAR}}
  {{STARTED_OBSERVING_HOURS}}
  {{STAR_CATALOG}}
  {{STAR_NUMBER}}
  {{STOPPED_OBSERVING_HOURS}}
  {{TELESCOPE_TYPE}}
  {{TIMING_DEVICE}}
  {{TIMING_METHOD}}
  {{TIMING}}
  {{VIDEO_FORMAT}}
  {{VTI_CORRECTION}}
  {{WAS_MISS}}
Sheet1.xml size: 70664 bytes
Found 0 placeholders in SHEET XML:
Building replacements dictionary...
Built 46 replacements:
  {{APERTURE_UNITS}} = cm
  {{APERTURE}} = 23.5
  {{ASTEROID_NAME}} = 1998 QY42
  {{ASTEROID_NUMBER}} = 46854
  {{ASTEROID_VISIBLE}} = Yes
  {{COMMENTS}} = 
  {{CORRECTIONS_APPLIED}} = No
  {{DETECTOR}} = imx462mm
  {{ELEVATION_DATUM}} = WGS84
  {{ELEVATION_UNITS}} = m
  {{ELEVATION}} = 22.0
  {{EVENT_DAY}} = 13
  {{EVENT_MONTH}} = December
  {{EVENT_YEAR}} = 2025
  {{FOCAL_RATIO}} = 3.3
  {{INTEGRATION_UNITS}} = Frames
  {{INTEGRATION}} = Exposure
  {{LATITUDE_DIR}} = S
  {{LATITUDE_FORMAT}} = deg.ddddd
  {{LATITUDE}} = 36.83556
  {{LONGITUDE_DIR}} = E
  {{LONGITUDE_FORMAT}} = deg.ddddd
  {{LONGITUDE}} = 174.65780
  {{OBSERVATION_TYPE}} = Positive
  {{OBSERVER_ADDRESS}} = 7/1 Piriti Drive, Te Atatu Peninsula
  {{OBSERVER_CITY_STATE_COUNTRY}} = Auckland, NZ
  {{OBSERVER_EMAIL}} = mcamilleri69@gmail.com
  {{OBSERVER_FAX}} = 
  {{OBSERVER_NAME}} = Michael Camilleri
  {{OBSERVER_PHONE}} = +64211840111
  {{OBSERVING_LOCATION}} = bbbb
  {{PREDICTED_HOURS}} = 10
  {{PREDICTED_MINUTES}} = 3
  {{PREDICTED_SECONDS}} = 42
  {{RIO_TNO_PREDICTION}} = No
  {{SECOND_STAR}} = No
  {{STARTED_OBSERVING_HOURS}} = 10
  {{STAR_CATALOG}} = UCAC4
  {{STAR_NUMBER}} = 485-038369
  {{STOPPED_OBSERVING_HOURS}} = 10
  {{TELESCOPE_TYPE}} = SCT including Cass and Mak
  {{TIMING_DEVICE}} = GPS PPS
  {{TIMING_METHOD}} = Video Recording
  {{TIMING}} = GPS - other linking
  {{VIDEO_FORMAT}} = Other
  {{WAS_MISS}} = No
Generating filename...
Output path: C:\Users\AstroPC\Documents\SharpCap\occultation-manager\Reports\20251213_46854_1998_QY42_UCAC4_485_038369-Camilleri_M_Home.xlsx
Creating modified workbook...
Creating diagnostic dumps...
Template dump created: C:\Users\AstroPC\Documents\SharpCap\occultation-manager\Reports\DIAGNOSTIC_template_dump.txt
Output dump created: C:\Users\AstroPC\Documents\SharpCap\occultation-manager\Reports\DIAGNOSTIC_20251213_46854_1998_QY42_UCAC4_485_038369-Camilleri_M_Home_dump.txt
SUCCESS: Report generated: C:\Users\AstroPC\Documents\SharpCap\occultation-manager\Reports\20251213_46854_1998_QY42_UCAC4_485_038369-Camilleri_M_Home.xlsx
============================================================
Trans-Tasman Report generation started (String-based)
CODE VERSION: 2024-12-24 v2 - With rounding and empty placeholder handling
Template path: C:\Users\AstroPC\Git\occultation-tools\occultation-manager\python\RASNZ_AstReporttForm_V4.1.2.G_Template.xlsx
Template exists: True
Analyzing template for placeholders...
SharedStrings.xml size: 24637 bytes
Found 48 placeholders in SHARED STRINGS:
  {{APERTURE_UNITS}}
  {{APERTURE}}
  {{ASTEROID_NAME}}
  {{ASTEROID_NUMBER}}
  {{ASTEROID_VISIBLE}}
  {{CAMERA_DELAY_CORRECTION}}
  {{COMMENTS}}
  {{CORRECTIONS_APPLIED}}
  {{DETECTOR}}
  {{ELEVATION_DATUM}}
  {{ELEVATION_UNITS}}
  {{ELEVATION}}
  {{EVENT_DAY}}
  {{EVENT_MONTH}}
  {{EVENT_YEAR}}
  {{FOCAL_RATIO}}
  {{INTEGRATION_UNITS}}
  {{INTEGRATION}}
  {{LATITUDE_DIR}}
  {{LATITUDE_FORMAT}}
  {{LATITUDE}}
  {{LONGITUDE_DIR}}
  {{LONGITUDE_FORMAT}}
  {{LONGITUDE}}
  {{OBSERVATION_TYPE}}
  {{OBSERVER_ADDRESS}}
  {{OBSERVER_CITY_STATE_COUNTRY}}
  {{OBSERVER_EMAIL}}
  {{OBSERVER_FAX}}
  {{OBSERVER_NAME}}
  {{OBSERVER_PHONE}}
  {{OBSERVING_LOCATION}}
  {{PREDICTED_HOURS}}
  {{PREDICTED_MINUTES}}
  {{PREDICTED_SECONDS}}
  {{RIO_TNO_PREDICTION}}
  {{SECOND_STAR}}
  {{STARTED_OBSERVING_HOURS}}
  {{STAR_CATALOG}}
  {{STAR_NUMBER}}
  {{STOPPED_OBSERVING_HOURS}}
  {{TELESCOPE_TYPE}}
  {{TIMING_DEVICE}}
  {{TIMING_METHOD}}
  {{TIMING}}
  {{VIDEO_FORMAT}}
  {{VTI_CORRECTION}}
  {{WAS_MISS}}
Sheet1.xml size: 70664 bytes
Found 0 placeholders in SHEET XML:
Building replacements dictionary...
Built 48 replacements:
  {{APERTURE_UNITS}} = cm
  {{APERTURE}} = 23.5
  {{ASTEROID_NAME}} = 1998 QY42
  {{ASTEROID_NUMBER}} = 46854
  {{ASTEROID_VISIBLE}} = Yes
  {{CAMERA_DELAY_CORRECTION}} = 
  {{COMMENTS}} = 
  {{CORRECTIONS_APPLIED}} = No
  {{DETECTOR}} = imx462mm
  {{ELEVATION_DATUM}} = WGS84
  {{ELEVATION_UNITS}} = m
  {{ELEVATION}} = 22.0
  {{EVENT_DAY}} = 13
  {{EVENT_MONTH}} = December
  {{EVENT_YEAR}} = 2025
  {{FOCAL_RATIO}} = 3.3
  {{INTEGRATION_UNITS}} = Frames
  {{INTEGRATION}} = Exposure
  {{LATITUDE_DIR}} = S
  {{LATITUDE_FORMAT}} = deg.ddddd
  {{LATITUDE}} = 36.83556
  {{LONGITUDE_DIR}} = E
  {{LONGITUDE_FORMAT}} = deg.ddddd
  {{LONGITUDE}} = 174.65780
  {{OBSERVATION_TYPE}} = Positive
  {{OBSERVER_ADDRESS}} = 7/1 Piriti Drive, Te Atatu Peninsula
  {{OBSERVER_CITY_STATE_COUNTRY}} = Auckland, NZ
  {{OBSERVER_EMAIL}} = mcamilleri69@gmail.com
  {{OBSERVER_FAX}} = 
  {{OBSERVER_NAME}} = Michael Camilleri
  {{OBSERVER_PHONE}} = +64211840111
  {{OBSERVING_LOCATION}} = nnnn
  {{PREDICTED_HOURS}} = 10
  {{PREDICTED_MINUTES}} = 3
  {{PREDICTED_SECONDS}} = 42
  {{RIO_TNO_PREDICTION}} = No
  {{SECOND_STAR}} = No
  {{STARTED_OBSERVING_HOURS}} = 10
  {{STAR_CATALOG}} = UCAC4
  {{STAR_NUMBER}} = 485-038369
  {{STOPPED_OBSERVING_HOURS}} = 10
  {{TELESCOPE_TYPE}} = SCT including Cass and Mak
  {{TIMING_DEVICE}} = GPS PPS
  {{TIMING_METHOD}} = Video Recording
  {{TIMING}} = GPS - other linking
  {{VIDEO_FORMAT}} = Other
  {{VTI_CORRECTION}} = 
  {{WAS_MISS}} = No
Generating filename...
Output path: C:\Users\AstroPC\Documents\SharpCap\occultation-manager\Reports\20251213_46854_1998_QY42_UCAC4_485_038369-Camilleri_M_Home.xlsx
Creating modified workbook...
Creating diagnostic dumps...
Template dump created: C:\Users\AstroPC\Documents\SharpCap\occultation-manager\Reports\DIAGNOSTIC_template_dump.txt
Output dump created: C:\Users\AstroPC\Documents\SharpCap\occultation-manager\Reports\DIAGNOSTIC_20251213_46854_1998_QY42_UCAC4_485_038369-Camilleri_M_Home_dump.txt
SUCCESS: Report generated: C:\Users\AstroPC\Documents\SharpCap\occultation-manager\Reports\20251213_46854_1998_QY42_UCAC4_485_038369-Camilleri_M_Home.xlsx
